HIP error out of memory at alltoall_gpu.c:97
rank 401: need 11.65 GiB of device memory but only 5.62 GiB is free on device 0 of 1 visible. Launch with one GCD per rank (--gpus-per-task=1 --gpu-bind=closest) or lower --mb.
MPICH ERROR [Rank 401] [job id 22214578.0] [Mon Sep 21 17:21:08 2026] [nid007835] - Abort(2) (rank 401 in comm 0): application called MPI_Abort(MPI_COMM_WORLD, 2) - process 401

HIP error out of memory at alltoall_gpu.c:97
MPICH ERROR [Rank 476] [job id 22214578.0] [Mon Sep 21 17:21:08 2026] [nid007844] - Abort(1) (rank 476 in comm 0): application called MPI_Abort(MPI_COMM_WORLD, 1) - process 476

aborting job:
application called MPI_Abort(MPI_COMM_WORLD, 1) - process 476
aborting job:
application called MPI_Abort(MPI_COMM_WORLD, 2) - process 401
HIP error out of memory at alltoall_gpu.c:97
HIP error out of memory at alltoall_gpu.c:97
HIP error out of memory at alltoall_gpu.c:97
MPICH ERROR [Rank 478] [job id 22214578.0] [Mon Sep 21 17:21:08 2026] [nid007844] - Abort(1) (rank 478 in comm 0): application called MPI_Abort(MPI_COMM_WORLD, 1) - process 478

aborting job:
application called MPI_Abort(MPI_COMM_WORLD, 1) - process 478
HIP error out of memory at alltoall_gpu.c:97
HIP error out of memory at alltoall_gpu.c:97
MPICH ERROR [Rank 161] [job id 22214578.0] [Mon Sep 21 17:21:08 2026] [nid006860] - Abort(1) (rank 161 in comm 0): application called MPI_Abort(MPI_COMM_WORLD, 1) - process 161

aborting job:
application called MPI_Abort(MPI_COMM_WORLD, 1) - process 161
HIP error out of memory at alltoall_gpu.c:97
MPICH ERROR [Rank 21] [job id 22214578.0] [Mon Sep 21 17:21:08 2026] [nid005741] - Abort(1) (rank 21 in comm 0): application called MPI_Abort(MPI_COMM_WORLD, 1) - process 21

aborting job:
application called MPI_Abort(MPI_COMM_WORLD, 1) - process 21
MPICH ERROR [Rank 472] [job id 22214578.0] [Mon Sep 21 17:21:08 2026] [nid007844] - Abort(1) (rank 472 in comm 0): application called MPI_Abort(MPI_COMM_WORLD, 1) - process 472

aborting job:
application called MPI_Abort(MPI_COMM_WORLD, 1) - process 472
HIP error out of memory at alltoall_gpu.c:97
HIP error out of memory at alltoall_gpu.c:97
MPICH ERROR [Rank 162] [job id 22214578.0] [Mon Sep 21 17:21:08 2026] [nid006860] - Abort(1) (rank 162 in comm 0): application called MPI_Abort(MPI_COMM_WORLD, 1) - process 162

aborting job:
application called MPI_Abort(MPI_COMM_WORLD, 1) - process 162
HIP error out of memory at alltoall_gpu.c:97
MPICH ERROR [Rank 22] [job id 22214578.0] [Mon Sep 21 17:21:08 2026] [nid005741] - Abort(1) (rank 22 in comm 0): application called MPI_Abort(MPI_COMM_WORLD, 1) - process 22

aborting job:
application called MPI_Abort(MPI_COMM_WORLD, 1) - process 22
HIP error out of memory at alltoall_gpu.c:97
MPICH ERROR [Rank 403] [job id 22214578.0] [Mon Sep 21 17:21:08 2026] [nid007835] - Abort(1) (rank 403 in comm 0): application called MPI_Abort(MPI_COMM_WORLD, 1) - process 403

HIP error out of memory at alltoall_gpu.c:97
MPICH ERROR [Rank 166] [job id 22214578.0] [Mon Sep 21 17:21:08 2026] [nid006860] - Abort(1) (rank 166 in comm 0): application called MPI_Abort(MPI_COMM_WORLD, 1) - process 166

aborting job:
application called MPI_Abort(MPI_COMM_WORLD, 1) - process 166
HIP error out of memory at alltoall_gpu.c:97
MPICH ERROR [Rank 16] [job id 22214578.0] [Mon Sep 21 17:21:08 2026] [nid005741] - Abort(1) (rank 16 in comm 0): application called MPI_Abort(MPI_COMM_WORLD, 1) - process 16

aborting job:
application called MPI_Abort(MPI_COMM_WORLD, 1) - process 16
MPICH ERROR [Rank 474] [job id 22214578.0] [Mon Sep 21 17:21:08 2026] [nid007844] - Abort(1) (rank 474 in comm 0): application called MPI_Abort(MPI_COMM_WORLD, 1) - process 474

MPICH ERROR [Rank 404] [job id 22214578.0] [Mon Sep 21 17:21:08 2026] [nid007835] - Abort(1) (rank 404 in comm 0): application called MPI_Abort(MPI_COMM_WORLD, 1) - process 404

aborting job:
application called MPI_Abort(MPI_COMM_WORLD, 1) - process 404
MPICH ERROR [Rank 160] [job id 22214578.0] [Mon Sep 21 17:21:08 2026] [nid006860] - Abort(1) (rank 160 in comm 0): application called MPI_Abort(MPI_COMM_WORLD, 1) - process 160

aborting job:
application called MPI_Abort(MPI_COMM_WORLD, 1) - process 160
MPICH ERROR [Rank 19] [job id 22214578.0] [Mon Sep 21 17:21:08 2026] [nid005741] - Abort(1) (rank 19 in comm 0): application called MPI_Abort(MPI_COMM_WORLD, 1) - process 19

aborting job:
application called MPI_Abort(MPI_COMM_WORLD, 1) - process 19
aborting job:
application called MPI_Abort(MPI_COMM_WORLD, 1) - process 474
aborting job:
application called MPI_Abort(MPI_COMM_WORLD, 1) - process 403
HIP error out of memory at alltoall_gpu.c:97
HIP error out of memory at alltoall_gpu.c:97
MPICH ERROR [Rank 281] [job id 22214578.0] [Mon Sep 21 17:21:08 2026] [nid007731] - Abort(1) (rank 281 in comm 0): application called MPI_Abort(MPI_COMM_WORLD, 1) - process 281

aborting job:
application called MPI_Abort(MPI_COMM_WORLD, 1) - process 281
HIP error out of memory at alltoall_gpu.c:97
MPICH ERROR [Rank 282] [job id 22214578.0] [Mon Sep 21 17:21:08 2026] [nid007731] - Abort(1) (rank 282 in comm 0): application called MPI_Abort(MPI_COMM_WORLD, 1) - process 282

aborting job:
application called MPI_Abort(MPI_COMM_WORLD, 1) - process 282
HIP error out of memory at alltoall_gpu.c:97
MPICH ERROR [Rank 283] [job id 22214578.0] [Mon Sep 21 17:21:08 2026] [nid007731] - Abort(1) (rank 283 in comm 0): application called MPI_Abort(MPI_COMM_WORLD, 1) - process 283

aborting job:
application called MPI_Abort(MPI_COMM_WORLD, 1) - process 283
HIP error out of memory at alltoall_gpu.c:97
MPICH ERROR [Rank 280] [job id 22214578.0] [Mon Sep 21 17:21:08 2026] [nid007731] - Abort(1) (rank 280 in comm 0): application called MPI_Abort(MPI_COMM_WORLD, 1) - process 280

aborting job:
application called MPI_Abort(MPI_COMM_WORLD, 1) - process 280
HIP error out of memory at alltoall_gpu.c:97
MPICH ERROR [Rank 172] [job id 22214578.0] [Mon Sep 21 17:21:08 2026] [nid006861] - Abort(1) (rank 172 in comm 0): application called MPI_Abort(MPI_COMM_WORLD, 1) - process 172

aborting job:
application called MPI_Abort(MPI_COMM_WORLD, 1) - process 172
HIP error out of memory at alltoall_gpu.c:97
MPICH ERROR [Rank 173] [job id 22214578.0] [Mon Sep 21 17:21:08 2026] [nid006861] - Abort(1) (rank 173 in comm 0): application called MPI_Abort(MPI_COMM_WORLD, 1) - process 173

aborting job:
application called MPI_Abort(MPI_COMM_WORLD, 1) - process 173
HIP error out of memory at alltoall_gpu.c:97
MPICH ERROR [Rank 174] [job id 22214578.0] [Mon Sep 21 17:21:08 2026] [nid006861] - Abort(1) (rank 174 in comm 0): application called MPI_Abort(MPI_COMM_WORLD, 1) - process 174

aborting job:
application called MPI_Abort(MPI_COMM_WORLD, 1) - process 174
MPICH ERROR [Rank 169] [job id 22214578.0] [Mon Sep 21 17:21:08 2026] [nid006861] - Abort(1) (rank 169 in comm 0): application called MPI_Abort(MPI_COMM_WORLD, 1) - process 169

aborting job:
application called MPI_Abort(MPI_COMM_WORLD, 1) - process 169
HIP error out of memory at alltoall_gpu.c:97
HIP error out of memory at alltoall_gpu.c:97
MPICH ERROR [Rank 449] [job id 22214578.0] [Mon Sep 21 17:21:08 2026] [nid007841] - Abort(1) (rank 449 in comm 0): application called MPI_Abort(MPI_COMM_WORLD, 1) - process 449

aborting job:
application called MPI_Abort(MPI_COMM_WORLD, 1) - process 449
HIP error out of memory at alltoall_gpu.c:97
HIP error out of memory at alltoall_gpu.c:97
HIP error out of memory at alltoall_gpu.c:97
MPICH ERROR [Rank 452] [job id 22214578.0] [Mon Sep 21 17:21:08 2026] [nid007841] - Abort(1) (rank 452 in comm 0): application called MPI_Abort(MPI_COMM_WORLD, 1) - process 452

aborting job:
application called MPI_Abort(MPI_COMM_WORLD, 1) - process 452
HIP error out of memory at alltoall_gpu.c:97
MPICH ERROR [Rank 267] [job id 22214578.0] [Mon Sep 21 17:21:08 2026] [nid007729] - Abort(1) (rank 267 in comm 0): application called MPI_Abort(MPI_COMM_WORLD, 1) - process 267

aborting job:
application called MPI_Abort(MPI_COMM_WORLD, 1) - process 267
HIP error out of memory at alltoall_gpu.c:97
MPICH ERROR [Rank 290] [job id 22214578.0] [Mon Sep 21 17:21:08 2026] [nid007732] - Abort(1) (rank 290 in comm 0): application called MPI_Abort(MPI_COMM_WORLD, 1) - process 290

aborting job:
application called MPI_Abort(MPI_COMM_WORLD, 1) - process 290
HIP error out of memory at alltoall_gpu.c:97
MPICH ERROR [Rank 453] [job id 22214578.0] [Mon Sep 21 17:21:08 2026] [nid007841] - Abort(1) (rank 453 in comm 0): application called MPI_Abort(MPI_COMM_WORLD, 1) - process 453

aborting job:
application called MPI_Abort(MPI_COMM_WORLD, 1) - process 453
HIP error out of memory at alltoall_gpu.c:97
HIP error out of memory at alltoall_gpu.c:97
MPICH ERROR [Rank 268] [job id 22214578.0] [Mon Sep 21 17:21:08 2026] [nid007729] - Abort(1) (rank 268 in comm 0): application called MPI_Abort(MPI_COMM_WORLD, 1) - process 268

aborting job:
application called MPI_Abort(MPI_COMM_WORLD, 1) - process 268
MPICH ERROR [Rank 448] [job id 22214578.0] [Mon Sep 21 17:21:08 2026] [nid007841] - Abort(1) (rank 448 in comm 0): application called MPI_Abort(MPI_COMM_WORLD, 1) - process 448

aborting job:
application called MPI_Abort(MPI_COMM_WORLD, 1) - process 448
HIP error out of memory at alltoall_gpu.c:97
MPICH ERROR [Rank 98] [job id 22214578.0] [Mon Sep 21 17:21:08 2026] [nid006171] - Abort(1) (rank 98 in comm 0): application called MPI_Abort(MPI_COMM_WORLD, 1) - process 98

aborting job:
application called MPI_Abort(MPI_COMM_WORLD, 1) - process 98
HIP error out of memory at alltoall_gpu.c:97
HIP error out of memory at alltoall_gpu.c:97
MPICH ERROR [Rank 270] [job id 22214578.0] [Mon Sep 21 17:21:08 2026] [nid007729] - Abort(1) (rank 270 in comm 0): application called MPI_Abort(MPI_COMM_WORLD, 1) - process 270

aborting job:
application called MPI_Abort(MPI_COMM_WORLD, 1) - process 270
HIP error out of memory at alltoall_gpu.c:97
MPICH ERROR [Rank 291] [job id 22214578.0] [Mon Sep 21 17:21:08 2026] [nid007732] - Abort(1) (rank 291 in comm 0): application called MPI_Abort(MPI_COMM_WORLD, 1) - process 291

aborting job:
application called MPI_Abort(MPI_COMM_WORLD, 1) - process 291
HIP error out of memory at alltoall_gpu.c:97
MPICH ERROR [Rank 100] [job id 22214578.0] [Mon Sep 21 17:21:08 2026] [nid006171] - Abort(1) (rank 100 in comm 0): application called MPI_Abort(MPI_COMM_WORLD, 1) - process 100

aborting job:
application called MPI_Abort(MPI_COMM_WORLD, 1) - process 100
HIP error out of memory at alltoall_gpu.c:97
MPICH ERROR [Rank 226] [job id 22214578.0] [Mon Sep 21 17:21:08 2026] [nid006868] - Abort(1) (rank 226 in comm 0): application called MPI_Abort(MPI_COMM_WORLD, 1) - process 226

aborting job:
application called MPI_Abort(MPI_COMM_WORLD, 1) - process 226
MPICH ERROR [Rank 264] [job id 22214578.0] [Mon Sep 21 17:21:08 2026] [nid007729] - Abort(1) (rank 264 in comm 0): application called MPI_Abort(MPI_COMM_WORLD, 1) - process 264

aborting job:
application called MPI_Abort(MPI_COMM_WORLD, 1) - process 264
HIP error out of memory at alltoall_gpu.c:97
MPICH ERROR [Rank 292] [job id 22214578.0] [Mon Sep 21 17:21:08 2026] [nid007732] - Abort(1) (rank 292 in comm 0): application called MPI_Abort(MPI_COMM_WORLD, 1) - process 292

aborting job:
application called MPI_Abort(MPI_COMM_WORLD, 1) - process 292
HIP error out of memory at alltoall_gpu.c:97
MPICH ERROR [Rank 101] [job id 22214578.0] [Mon Sep 21 17:21:08 2026] [nid006171] - Abort(1) (rank 101 in comm 0): application called MPI_Abort(MPI_COMM_WORLD, 1) - process 101

aborting job:
application called MPI_Abort(MPI_COMM_WORLD, 1) - process 101
HIP error out of memory at alltoall_gpu.c:97
MPICH ERROR [Rank 228] [job id 22214578.0] [Mon Sep 21 17:21:08 2026] [nid006868] - Abort(1) (rank 228 in comm 0): application called MPI_Abort(MPI_COMM_WORLD, 1) - process 228

aborting job:
application called MPI_Abort(MPI_COMM_WORLD, 1) - process 228
HIP error out of memory at alltoall_gpu.c:97
MPICH ERROR [Rank 289] [job id 22214578.0] [Mon Sep 21 17:21:08 2026] [nid007732] - Abort(1) (rank 289 in comm 0): application called MPI_Abort(MPI_COMM_WORLD, 1) - process 289

aborting job:
application called MPI_Abort(MPI_COMM_WORLD, 1) - process 289
MPICH ERROR [Rank 96] [job id 22214578.0] [Mon Sep 21 17:21:08 2026] [nid006171] - Abort(1) (rank 96 in comm 0): application called MPI_Abort(MPI_COMM_WORLD, 1) - process 96

aborting job:
application called MPI_Abort(MPI_COMM_WORLD, 1) - process 96
HIP error out of memory at alltoall_gpu.c:97
MPICH ERROR [Rank 229] [job id 22214578.0] [Mon Sep 21 17:21:08 2026] [nid006868] - Abort(1) (rank 229 in comm 0): application called MPI_Abort(MPI_COMM_WORLD, 1) - process 229

aborting job:
application called MPI_Abort(MPI_COMM_WORLD, 1) - process 229
HIP error out of memory at alltoall_gpu.c:97
MPICH ERROR [Rank 73] [job id 22214578.0] [Mon Sep 21 17:21:08 2026] [nid005748] - Abort(1) (rank 73 in comm 0): application called MPI_Abort(MPI_COMM_WORLD, 1) - process 73

aborting job:
application called MPI_Abort(MPI_COMM_WORLD, 1) - process 73
HIP error out of memory at alltoall_gpu.c:97
MPICH ERROR [Rank 225] [job id 22214578.0] [Mon Sep 21 17:21:08 2026] [nid006868] - Abort(1) (rank 225 in comm 0): application called MPI_Abort(MPI_COMM_WORLD, 1) - process 225

aborting job:
application called MPI_Abort(MPI_COMM_WORLD, 1) - process 225
HIP error out of memory at alltoall_gpu.c:97
MPICH ERROR [Rank 74] [job id 22214578.0] [Mon Sep 21 17:21:08 2026] [nid005748] - Abort(1) (rank 74 in comm 0): application called MPI_Abort(MPI_COMM_WORLD, 1) - process 74

aborting job:
application called MPI_Abort(MPI_COMM_WORLD, 1) - process 74
HIP error out of memory at alltoall_gpu.c:97
MPICH ERROR [Rank 305] [job id 22214578.0] [Mon Sep 21 17:21:08 2026] [nid007734] - Abort(1) (rank 305 in comm 0): application called MPI_Abort(MPI_COMM_WORLD, 1) - process 305

aborting job:
application called MPI_Abort(MPI_COMM_WORLD, 1) - process 305
HIP error out of memory at alltoall_gpu.c:97
HIP error out of memory at alltoall_gpu.c:97
HIP error out of memory at alltoall_gpu.c:97
MPICH ERROR [Rank 75] [job id 22214578.0] [Mon Sep 21 17:21:08 2026] [nid005748] - Abort(1) (rank 75 in comm 0): application called MPI_Abort(MPI_COMM_WORLD, 1) - process 75

aborting job:
application called MPI_Abort(MPI_COMM_WORLD, 1) - process 75
HIP error out of memory at alltoall_gpu.c:97
HIP error out of memory at alltoall_gpu.c:97
MPICH ERROR [Rank 309] [job id 22214578.0] [Mon Sep 21 17:21:08 2026] [nid007734] - Abort(1) (rank 309 in comm 0): application called MPI_Abort(MPI_COMM_WORLD, 1) - process 309

aborting job:
application called MPI_Abort(MPI_COMM_WORLD, 1) - process 309
HIP error out of memory at alltoall_gpu.c:97
HIP error out of memory at alltoall_gpu.c:97
MPICH ERROR [Rank 178] [job id 22214578.0] [Mon Sep 21 17:21:08 2026] [nid006862] - Abort(1) (rank 178 in comm 0): application called MPI_Abort(MPI_COMM_WORLD, 1) - process 178

aborting job:
application called MPI_Abort(MPI_COMM_WORLD, 1) - process 178
HIP error out of memory at alltoall_gpu.c:97
HIP error out of memory at alltoall_gpu.c:97
MPICH ERROR [Rank 466] [job id 22214578.0] [Mon Sep 21 17:21:08 2026] [nid007843] - Abort(1) (rank 466 in comm 0): application called MPI_Abort(MPI_COMM_WORLD, 1) - process 466

aborting job:
application called MPI_Abort(MPI_COMM_WORLD, 1) - process 466
MPICH ERROR [Rank 72] [job id 22214578.0] [Mon Sep 21 17:21:08 2026] [nid005748] - Abort(1) (rank 72 in comm 0): application called MPI_Abort(MPI_COMM_WORLD, 1) - process 72

aborting job:
application called MPI_Abort(MPI_COMM_WORLD, 1) - process 72
HIP error out of memory at alltoall_gpu.c:97
MPICH ERROR [Rank 105] [job id 22214578.0] [Mon Sep 21 17:21:08 2026] [nid006853] - Abort(1) (rank 105 in comm 0): application called MPI_Abort(MPI_COMM_WORLD, 1) - process 105

aborting job:
application called MPI_Abort(MPI_COMM_WORLD, 1) - process 105
HIP error out of memory at alltoall_gpu.c:97
MPICH ERROR [Rank 310] [job id 22214578.0] [Mon Sep 21 17:21:08 2026] [nid007734] - Abort(1) (rank 310 in comm 0): application called MPI_Abort(MPI_COMM_WORLD, 1) - process 310

aborting job:
application called MPI_Abort(MPI_COMM_WORLD, 1) - process 310
HIP error out of memory at alltoall_gpu.c:97
MPICH ERROR [Rank 53] [job id 22214578.0] [Mon Sep 21 17:21:08 2026] [nid005745] - Abort(1) (rank 53 in comm 0): application called MPI_Abort(MPI_COMM_WORLD, 1) - process 53

aborting job:
application called MPI_Abort(MPI_COMM_WORLD, 1) - process 53
HIP error out of memory at alltoall_gpu.c:97
MPICH ERROR [Rank 179] [job id 22214578.0] [Mon Sep 21 17:21:08 2026] [nid006862] - Abort(1) (rank 179 in comm 0): application called MPI_Abort(MPI_COMM_WORLD, 1) - process 179

aborting job:
application called MPI_Abort(MPI_COMM_WORLD, 1) - process 179
HIP error out of memory at alltoall_gpu.c:97
MPICH ERROR [Rank 187] [job id 22214578.0] [Mon Sep 21 17:21:08 2026] [nid006863] - Abort(1) (rank 187 in comm 0): application called MPI_Abort(MPI_COMM_WORLD, 1) - process 187

aborting job:
application called MPI_Abort(MPI_COMM_WORLD, 1) - process 187
HIP error out of memory at alltoall_gpu.c:97
HIP error out of memory at alltoall_gpu.c:97
MPICH ERROR [Rank 467] [job id 22214578.0] [Mon Sep 21 17:21:08 2026] [nid007843] - Abort(1) (rank 467 in comm 0): application called MPI_Abort(MPI_COMM_WORLD, 1) - process 467

aborting job:
application called MPI_Abort(MPI_COMM_WORLD, 1) - process 467
HIP error out of memory at alltoall_gpu.c:97
MPICH ERROR [Rank 106] [job id 22214578.0] [Mon Sep 21 17:21:08 2026] [nid006853] - Abort(1) (rank 106 in comm 0): application called MPI_Abort(MPI_COMM_WORLD, 1) - process 106

aborting job:
application called MPI_Abort(MPI_COMM_WORLD, 1) - process 106
MPICH ERROR [Rank 304] [job id 22214578.0] [Mon Sep 21 17:21:08 2026] [nid007734] - Abort(1) (rank 304 in comm 0): application called MPI_Abort(MPI_COMM_WORLD, 1) - process 304

aborting job:
application called MPI_Abort(MPI_COMM_WORLD, 1) - process 304
HIP error out of memory at alltoall_gpu.c:97
MPICH ERROR [Rank 54] [job id 22214578.0] [Mon Sep 21 17:21:08 2026] [nid005745] - Abort(1) (rank 54 in comm 0): application called MPI_Abort(MPI_COMM_WORLD, 1) - process 54

aborting job:
application called MPI_Abort(MPI_COMM_WORLD, 1) - process 54
HIP error out of memory at alltoall_gpu.c:97
MPICH ERROR [Rank 180] [job id 22214578.0] [Mon Sep 21 17:21:08 2026] [nid006862] - Abort(1) (rank 180 in comm 0): application called MPI_Abort(MPI_COMM_WORLD, 1) - process 180

aborting job:
application called MPI_Abort(MPI_COMM_WORLD, 1) - process 180
HIP error out of memory at alltoall_gpu.c:97
MPICH ERROR [Rank 189] [job id 22214578.0] [Mon Sep 21 17:21:08 2026] [nid006863] - Abort(1) (rank 189 in comm 0): application called MPI_Abort(MPI_COMM_WORLD, 1) - process 189

aborting job:
application called MPI_Abort(MPI_COMM_WORLD, 1) - process 189
HIP error out of memory at alltoall_gpu.c:97
MPICH ERROR [Rank 65] [job id 22214578.0] [Mon Sep 21 17:21:08 2026] [nid005747] - Abort(1) (rank 65 in comm 0): application called MPI_Abort(MPI_COMM_WORLD, 1) - process 65

aborting job:
application called MPI_Abort(MPI_COMM_WORLD, 1) - process 65
HIP error out of memory at alltoall_gpu.c:97
MPICH ERROR [Rank 468] [job id 22214578.0] [Mon Sep 21 17:21:08 2026] [nid007843] - Abort(1) (rank 468 in comm 0): application called MPI_Abort(MPI_COMM_WORLD, 1) - process 468

aborting job:
application called MPI_Abort(MPI_COMM_WORLD, 1) - process 468
HIP error out of memory at alltoall_gpu.c:97
HIP error out of memory at alltoall_gpu.c:97
MPICH ERROR [Rank 110] [job id 22214578.0] [Mon Sep 21 17:21:08 2026] [nid006853] - Abort(1) (rank 110 in comm 0): application called MPI_Abort(MPI_COMM_WORLD, 1) - process 110

aborting job:
application called MPI_Abort(MPI_COMM_WORLD, 1) - process 110
HIP error out of memory at alltoall_gpu.c:97
MPICH ERROR [Rank 48] [job id 22214578.0] [Mon Sep 21 17:21:08 2026] [nid005745] - Abort(1) (rank 48 in comm 0): application called MPI_Abort(MPI_COMM_WORLD, 1) - process 48

aborting job:
application called MPI_Abort(MPI_COMM_WORLD, 1) - process 48
MPICH ERROR [Rank 177] [job id 22214578.0] [Mon Sep 21 17:21:08 2026] [nid006862] - Abort(1) (rank 177 in comm 0): application called MPI_Abort(MPI_COMM_WORLD, 1) - process 177

aborting job:
application called MPI_Abort(MPI_COMM_WORLD, 1) - process 177
HIP error out of memory at alltoall_gpu.c:97
MPICH ERROR [Rank 190] [job id 22214578.0] [Mon Sep 21 17:21:08 2026] [nid006863] - Abort(1) (rank 190 in comm 0): application called MPI_Abort(MPI_COMM_WORLD, 1) - process 190

aborting job:
application called MPI_Abort(MPI_COMM_WORLD, 1) - process 190
HIP error out of memory at alltoall_gpu.c:97
MPICH ERROR [Rank 69] [job id 22214578.0] [Mon Sep 21 17:21:08 2026] [nid005747] - Abort(1) (rank 69 in comm 0): application called MPI_Abort(MPI_COMM_WORLD, 1) - process 69

aborting job:
application called MPI_Abort(MPI_COMM_WORLD, 1) - process 69
MPICH ERROR [Rank 464] [job id 22214578.0] [Mon Sep 21 17:21:08 2026] [nid007843] - Abort(1) (rank 464 in comm 0): application called MPI_Abort(MPI_COMM_WORLD, 1) - process 464

aborting job:
application called MPI_Abort(MPI_COMM_WORLD, 1) - process 464
HIP error out of memory at alltoall_gpu.c:97
MPICH ERROR [Rank 378] [job id 22214578.0] [Mon Sep 21 17:21:08 2026] [nid007832] - Abort(1) (rank 378 in comm 0): application called MPI_Abort(MPI_COMM_WORLD, 1) - process 378

aborting job:
application called MPI_Abort(MPI_COMM_WORLD, 1) - process 378
MPICH ERROR [Rank 104] [job id 22214578.0] [Mon Sep 21 17:21:08 2026] [nid006853] - Abort(1) (rank 104 in comm 0): application called MPI_Abort(MPI_COMM_WORLD, 1) - process 104

aborting job:
application called MPI_Abort(MPI_COMM_WORLD, 1) - process 104
MPICH ERROR [Rank 49] [job id 22214578.0] [Mon Sep 21 17:21:08 2026] [nid005745] - Abort(1) (rank 49 in comm 0): application called MPI_Abort(MPI_COMM_WORLD, 1) - process 49

aborting job:
application called MPI_Abort(MPI_COMM_WORLD, 1) - process 49
MPICH ERROR [Rank 185] [job id 22214578.0] [Mon Sep 21 17:21:08 2026] [nid006863] - Abort(1) (rank 185 in comm 0): application called MPI_Abort(MPI_COMM_WORLD, 1) - process 185

aborting job:
application called MPI_Abort(MPI_COMM_WORLD, 1) - process 185
HIP error out of memory at alltoall_gpu.c:97
MPICH ERROR [Rank 70] [job id 22214578.0] [Mon Sep 21 17:21:08 2026] [nid005747] - Abort(1) (rank 70 in comm 0): application called MPI_Abort(MPI_COMM_WORLD, 1) - process 70

aborting job:
application called MPI_Abort(MPI_COMM_WORLD, 1) - process 70
HIP error out of memory at alltoall_gpu.c:97
MPICH ERROR [Rank 380] [job id 22214578.0] [Mon Sep 21 17:21:08 2026] [nid007832] - Abort(1) (rank 380 in comm 0): application called MPI_Abort(MPI_COMM_WORLD, 1) - process 380

aborting job:
application called MPI_Abort(MPI_COMM_WORLD, 1) - process 380
MPICH ERROR [Rank 64] [job id 22214578.0] [Mon Sep 21 17:21:08 2026] [nid005747] - Abort(1) (rank 64 in comm 0): application called MPI_Abort(MPI_COMM_WORLD, 1) - process 64

aborting job:
application called MPI_Abort(MPI_COMM_WORLD, 1) - process 64
HIP error out of memory at alltoall_gpu.c:97
MPICH ERROR [Rank 381] [job id 22214578.0] [Mon Sep 21 17:21:08 2026] [nid007832] - Abort(1) (rank 381 in comm 0): application called MPI_Abort(MPI_COMM_WORLD, 1) - process 381

aborting job:
application called MPI_Abort(MPI_COMM_WORLD, 1) - process 381
MPICH ERROR [Rank 376] [job id 22214578.0] [Mon Sep 21 17:21:08 2026] [nid007832] - Abort(1) (rank 376 in comm 0): application called MPI_Abort(MPI_COMM_WORLD, 1) - process 376

aborting job:
application called MPI_Abort(MPI_COMM_WORLD, 1) - process 376
HIP error out of memory at alltoall_gpu.c:97
HIP error out of memory at alltoall_gpu.c:97
HIP error out of memory at alltoall_gpu.c:97
HIP error out of memory at alltoall_gpu.c:97
MPICH ERROR [Rank 393] [job id 22214578.0] [Mon Sep 21 17:21:08 2026] [nid007834] - Abort(1) (rank 393 in comm 0): application called MPI_Abort(MPI_COMM_WORLD, 1) - process 393

aborting job:
application called MPI_Abort(MPI_COMM_WORLD, 1) - process 393
HIP error out of memory at alltoall_gpu.c:97
HIP error out of memory at alltoall_gpu.c:97
MPICH ERROR [Rank 315] [job id 22214578.0] [Mon Sep 21 17:21:08 2026] [nid007735] - Abort(1) (rank 315 in comm 0): application called MPI_Abort(MPI_COMM_WORLD, 1) - process 315

aborting job:
application called MPI_Abort(MPI_COMM_WORLD, 1) - process 315
HIP error out of memory at alltoall_gpu.c:97
HIP error out of memory at alltoall_gpu.c:97
MPICH ERROR [Rank 5] [job id 22214578.0] [Mon Sep 21 17:21:08 2026] [nid005739] - Abort(1) (rank 5 in comm 0): application called MPI_Abort(MPI_COMM_WORLD, 1) - process 5

aborting job:
application called MPI_Abort(MPI_COMM_WORLD, 1) - process 5
HIP error out of memory at alltoall_gpu.c:97
MPICH ERROR [Rank 394] [job id 22214578.0] [Mon Sep 21 17:21:08 2026] [nid007834] - Abort(1) (rank 394 in comm 0): application called MPI_Abort(MPI_COMM_WORLD, 1) - process 394

aborting job:
application called MPI_Abort(MPI_COMM_WORLD, 1) - process 394
HIP error out of memory at alltoall_gpu.c:97
MPICH ERROR [Rank 219] [job id 22214578.0] [Mon Sep 21 17:21:08 2026] [nid006867] - Abort(1) (rank 219 in comm 0): application called MPI_Abort(MPI_COMM_WORLD, 1) - process 219

aborting job:
application called MPI_Abort(MPI_COMM_WORLD, 1) - process 219
HIP error out of memory at alltoall_gpu.c:97
MPICH ERROR [Rank 316] [job id 22214578.0] [Mon Sep 21 17:21:08 2026] [nid007735] - Abort(1) (rank 316 in comm 0): application called MPI_Abort(MPI_COMM_WORLD, 1) - process 316

aborting job:
application called MPI_Abort(MPI_COMM_WORLD, 1) - process 316
HIP error out of memory at alltoall_gpu.c:97
MPICH ERROR [Rank 138] [job id 22214578.0] [Mon Sep 21 17:21:08 2026] [nid006857] - Abort(1) (rank 138 in comm 0): application called MPI_Abort(MPI_COMM_WORLD, 1) - process 138

aborting job:
application called MPI_Abort(MPI_COMM_WORLD, 1) - process 138
HIP error out of memory at alltoall_gpu.c:97
MPICH ERROR [Rank 6] [job id 22214578.0] [Mon Sep 21 17:21:08 2026] [nid005739] - Abort(1) (rank 6 in comm 0): application called MPI_Abort(MPI_COMM_WORLD, 1) - process 6

aborting job:
application called MPI_Abort(MPI_COMM_WORLD, 1) - process 6
HIP error out of memory at alltoall_gpu.c:97
MPICH ERROR [Rank 396] [job id 22214578.0] [Mon Sep 21 17:21:08 2026] [nid007834] - Abort(1) (rank 396 in comm 0): application called MPI_Abort(MPI_COMM_WORLD, 1) - process 396

aborting job:
application called MPI_Abort(MPI_COMM_WORLD, 1) - process 396
HIP error out of memory at alltoall_gpu.c:97
MPICH ERROR [Rank 318] [job id 22214578.0] [Mon Sep 21 17:21:08 2026] [nid007735] - Abort(1) (rank 318 in comm 0): application called MPI_Abort(MPI_COMM_WORLD, 1) - process 318

aborting job:
application called MPI_Abort(MPI_COMM_WORLD, 1) - process 318
HIP error out of memory at alltoall_gpu.c:97
MPICH ERROR [Rank 140] [job id 22214578.0] [Mon Sep 21 17:21:08 2026] [nid006857] - Abort(1) (rank 140 in comm 0): application called MPI_Abort(MPI_COMM_WORLD, 1) - process 140

aborting job:
application called MPI_Abort(MPI_COMM_WORLD, 1) - process 140
HIP error out of memory at alltoall_gpu.c:97
MPICH ERROR [Rank 0] [job id 22214578.0] [Mon Sep 21 17:21:08 2026] [nid005739] - Abort(1) (rank 0 in comm 0): application called MPI_Abort(MPI_COMM_WORLD, 1) - process 0

aborting job:
application called MPI_Abort(MPI_COMM_WORLD, 1) - process 0
MPICH ERROR [Rank 392] [job id 22214578.0] [Mon Sep 21 17:21:08 2026] [nid007834] - Abort(1) (rank 392 in comm 0): application called MPI_Abort(MPI_COMM_WORLD, 1) - process 392

aborting job:
application called MPI_Abort(MPI_COMM_WORLD, 1) - process 392
MPICH ERROR [Rank 314] [job id 22214578.0] [Mon Sep 21 17:21:08 2026] [nid007735] - Abort(1) (rank 314 in comm 0): application called MPI_Abort(MPI_COMM_WORLD, 1) - process 314

aborting job:
application called MPI_Abort(MPI_COMM_WORLD, 1) - process 314
HIP error out of memory at alltoall_gpu.c:97
MPICH ERROR [Rank 141] [job id 22214578.0] [Mon Sep 21 17:21:08 2026] [nid006857] - Abort(1) (rank 141 in comm 0): application called MPI_Abort(MPI_COMM_WORLD, 1) - process 141

aborting job:
application called MPI_Abort(MPI_COMM_WORLD, 1) - process 141
MPICH ERROR [Rank 2] [job id 22214578.0] [Mon Sep 21 17:21:08 2026] [nid005739] - Abort(1) (rank 2 in comm 0): application called MPI_Abort(MPI_COMM_WORLD, 1) - process 2

aborting job:
application called MPI_Abort(MPI_COMM_WORLD, 1) - process 2
HIP error out of memory at alltoall_gpu.c:97
HIP error out of memory at alltoall_gpu.c:97
MPICH ERROR [Rank 220] [job id 22214578.0] [Mon Sep 21 17:21:08 2026] [nid006867] - Abort(1) (rank 220 in comm 0): application called MPI_Abort(MPI_COMM_WORLD, 1) - process 220

aborting job:
application called MPI_Abort(MPI_COMM_WORLD, 1) - process 220
HIP error out of memory at alltoall_gpu.c:97
HIP error out of memory at alltoall_gpu.c:97
MPICH ERROR [Rank 136] [job id 22214578.0] [Mon Sep 21 17:21:08 2026] [nid006857] - Abort(1) (rank 136 in comm 0): application called MPI_Abort(MPI_COMM_WORLD, 1) - process 136

aborting job:
application called MPI_Abort(MPI_COMM_WORLD, 1) - process 136
HIP error out of memory at alltoall_gpu.c:97
MPICH ERROR [Rank 89] [job id 22214578.0] [Mon Sep 21 17:21:08 2026] [nid005750] - Abort(1) (rank 89 in comm 0): application called MPI_Abort(MPI_COMM_WORLD, 1) - process 89

aborting job:
application called MPI_Abort(MPI_COMM_WORLD, 1) - process 89
HIP error out of memory at alltoall_gpu.c:97
HIP error out of memory at alltoall_gpu.c:97
HIP error out of memory at alltoall_gpu.c:97
MPICH ERROR [Rank 221] [job id 22214578.0] [Mon Sep 21 17:21:08 2026] [nid006867] - Abort(1) (rank 221 in comm 0): application called MPI_Abort(MPI_COMM_WORLD, 1) - process 221

aborting job:
application called MPI_Abort(MPI_COMM_WORLD, 1) - process 221
HIP error out of memory at alltoall_gpu.c:97
MPICH ERROR [Rank 250] [job id 22214578.0] [Mon Sep 21 17:21:08 2026] [nid007727] - Abort(1) (rank 250 in comm 0): application called MPI_Abort(MPI_COMM_WORLD, 1) - process 250

aborting job:
application called MPI_Abort(MPI_COMM_WORLD, 1) - process 250
HIP error out of memory at alltoall_gpu.c:97
MPICH ERROR [Rank 195] [job id 22214578.0] [Mon Sep 21 17:21:08 2026] [nid006864] - Abort(1) (rank 195 in comm 0): application called MPI_Abort(MPI_COMM_WORLD, 1) - process 195

aborting job:
application called MPI_Abort(MPI_COMM_WORLD, 1) - process 195
HIP error out of memory at alltoall_gpu.c:97
MPICH ERROR [Rank 91] [job id 22214578.0] [Mon Sep 21 17:21:08 2026] [nid005750] - Abort(1) (rank 91 in comm 0): application called MPI_Abort(MPI_COMM_WORLD, 1) - process 91

aborting job:
application called MPI_Abort(MPI_COMM_WORLD, 1) - process 91
HIP error out of memory at alltoall_gpu.c:97
MPICH ERROR [Rank 361] [job id 22214578.0] [Mon Sep 21 17:21:08 2026] [nid007741] - Abort(1) (rank 361 in comm 0): application called MPI_Abort(MPI_COMM_WORLD, 1) - process 361

aborting job:
application called MPI_Abort(MPI_COMM_WORLD, 1) - process 361
HIP error out of memory at alltoall_gpu.c:97
MPICH ERROR [Rank 10] [job id 22214578.0] [Mon Sep 21 17:21:08 2026] [nid005740] - Abort(1) (rank 10 in comm 0): application called MPI_Abort(MPI_COMM_WORLD, 1) - process 10

aborting job:
application called MPI_Abort(MPI_COMM_WORLD, 1) - process 10
MPICH ERROR [Rank 216] [job id 22214578.0] [Mon Sep 21 17:21:08 2026] [nid006867] - Abort(1) (rank 216 in comm 0): application called MPI_Abort(MPI_COMM_WORLD, 1) - process 216

aborting job:
application called MPI_Abort(MPI_COMM_WORLD, 1) - process 216
HIP error out of memory at alltoall_gpu.c:97
MPICH ERROR [Rank 251] [job id 22214578.0] [Mon Sep 21 17:21:08 2026] [nid007727] - Abort(1) (rank 251 in comm 0): application called MPI_Abort(MPI_COMM_WORLD, 1) - process 251

aborting job:
application called MPI_Abort(MPI_COMM_WORLD, 1) - process 251
HIP error out of memory at alltoall_gpu.c:97
MPICH ERROR [Rank 196] [job id 22214578.0] [Mon Sep 21 17:21:08 2026] [nid006864] - Abort(1) (rank 196 in comm 0): application called MPI_Abort(MPI_COMM_WORLD, 1) - process 196

aborting job:
application called MPI_Abort(MPI_COMM_WORLD, 1) - process 196
HIP error out of memory at alltoall_gpu.c:97
MPICH ERROR [Rank 92] [job id 22214578.0] [Mon Sep 21 17:21:08 2026] [nid005750] - Abort(1) (rank 92 in comm 0): application called MPI_Abort(MPI_COMM_WORLD, 1) - process 92

aborting job:
application called MPI_Abort(MPI_COMM_WORLD, 1) - process 92
HIP error out of memory at alltoall_gpu.c:97
MPICH ERROR [Rank 363] [job id 22214578.0] [Mon Sep 21 17:21:08 2026] [nid007741] - Abort(1) (rank 363 in comm 0): application called MPI_Abort(MPI_COMM_WORLD, 1) - process 363

aborting job:
application called MPI_Abort(MPI_COMM_WORLD, 1) - process 363
HIP error out of memory at alltoall_gpu.c:97
MPICH ERROR [Rank 11] [job id 22214578.0] [Mon Sep 21 17:21:08 2026] [nid005740] - Abort(1) (rank 11 in comm 0): application called MPI_Abort(MPI_COMM_WORLD, 1) - process 11

aborting job:
application called MPI_Abort(MPI_COMM_WORLD, 1) - process 11
HIP error out of memory at alltoall_gpu.c:97
HIP error out of memory at alltoall_gpu.c:97
MPICH ERROR [Rank 253] [job id 22214578.0] [Mon Sep 21 17:21:08 2026] [nid007727] - Abort(1) (rank 253 in comm 0): application called MPI_Abort(MPI_COMM_WORLD, 1) - process 253

aborting job:
application called MPI_Abort(MPI_COMM_WORLD, 1) - process 253
HIP error out of memory at alltoall_gpu.c:97
MPICH ERROR [Rank 198] [job id 22214578.0] [Mon Sep 21 17:21:08 2026] [nid006864] - Abort(1) (rank 198 in comm 0): application called MPI_Abort(MPI_COMM_WORLD, 1) - process 198

aborting job:
application called MPI_Abort(MPI_COMM_WORLD, 1) - process 198
HIP error out of memory at alltoall_gpu.c:97
MPICH ERROR [Rank 88] [job id 22214578.0] [Mon Sep 21 17:21:08 2026] [nid005750] - Abort(1) (rank 88 in comm 0): application called MPI_Abort(MPI_COMM_WORLD, 1) - process 88

aborting job:
application called MPI_Abort(MPI_COMM_WORLD, 1) - process 88
HIP error out of memory at alltoall_gpu.c:97
MPICH ERROR [Rank 364] [job id 22214578.0] [Mon Sep 21 17:21:08 2026] [nid007741] - Abort(1) (rank 364 in comm 0): application called MPI_Abort(MPI_COMM_WORLD, 1) - process 364

aborting job:
application called MPI_Abort(MPI_COMM_WORLD, 1) - process 364
HIP error out of memory at alltoall_gpu.c:97
MPICH ERROR [Rank 12] [job id 22214578.0] [Mon Sep 21 17:21:08 2026] [nid005740] - Abort(1) (rank 12 in comm 0): application called MPI_Abort(MPI_COMM_WORLD, 1) - process 12

aborting job:
application called MPI_Abort(MPI_COMM_WORLD, 1) - process 12
HIP error out of memory at alltoall_gpu.c:97
MPICH ERROR [Rank 124] [job id 22214578.0] [Mon Sep 21 17:21:08 2026] [nid006855] - Abort(1) (rank 124 in comm 0): application called MPI_Abort(MPI_COMM_WORLD, 1) - process 124

aborting job:
application called MPI_Abort(MPI_COMM_WORLD, 1) - process 124
MPICH ERROR [Rank 248] [job id 22214578.0] [Mon Sep 21 17:21:08 2026] [nid007727] - Abort(1) (rank 248 in comm 0): application called MPI_Abort(MPI_COMM_WORLD, 1) - process 248

aborting job:
application called MPI_Abort(MPI_COMM_WORLD, 1) - process 248
HIP error out of memory at alltoall_gpu.c:97
MPICH ERROR [Rank 193] [job id 22214578.0] [Mon Sep 21 17:21:08 2026] [nid006864] - Abort(1) (rank 193 in comm 0): application called MPI_Abort(MPI_COMM_WORLD, 1) - process 193

aborting job:
application called MPI_Abort(MPI_COMM_WORLD, 1) - process 193
HIP error out of memory at alltoall_gpu.c:97
MPICH ERROR [Rank 273] [job id 22214578.0] [Mon Sep 21 17:21:08 2026] [nid007730] - Abort(1) (rank 273 in comm 0): application called MPI_Abort(MPI_COMM_WORLD, 1) - process 273

aborting job:
application called MPI_Abort(MPI_COMM_WORLD, 1) - process 273
MPICH ERROR [Rank 360] [job id 22214578.0] [Mon Sep 21 17:21:08 2026] [nid007741] - Abort(1) (rank 360 in comm 0): application called MPI_Abort(MPI_COMM_WORLD, 1) - process 360

aborting job:
application called MPI_Abort(MPI_COMM_WORLD, 1) - process 360
MPICH ERROR [Rank 8] [job id 22214578.0] [Mon Sep 21 17:21:08 2026] [nid005740] - Abort(1) (rank 8 in comm 0): application called MPI_Abort(MPI_COMM_WORLD, 1) - process 8

aborting job:
application called MPI_Abort(MPI_COMM_WORLD, 1) - process 8
HIP error out of memory at alltoall_gpu.c:97
MPICH ERROR [Rank 125] [job id 22214578.0] [Mon Sep 21 17:21:08 2026] [nid006855] - Abort(1) (rank 125 in comm 0): application called MPI_Abort(MPI_COMM_WORLD, 1) - process 125

aborting job:
application called MPI_Abort(MPI_COMM_WORLD, 1) - process 125
HIP error out of memory at alltoall_gpu.c:97
MPICH ERROR [Rank 234] [job id 22214578.0] [Mon Sep 21 17:21:08 2026] [nid007725] - Abort(1) (rank 234 in comm 0): application called MPI_Abort(MPI_COMM_WORLD, 1) - process 234

aborting job:
application called MPI_Abort(MPI_COMM_WORLD, 1) - process 234
HIP error out of memory at alltoall_gpu.c:97
MPICH ERROR [Rank 275] [job id 22214578.0] [Mon Sep 21 17:21:08 2026] [nid007730] - Abort(1) (rank 275 in comm 0): application called MPI_Abort(MPI_COMM_WORLD, 1) - process 275

aborting job:
application called MPI_Abort(MPI_COMM_WORLD, 1) - process 275
HIP error out of memory at alltoall_gpu.c:97
HIP error out of memory at alltoall_gpu.c:97
MPICH ERROR [Rank 126] [job id 22214578.0] [Mon Sep 21 17:21:08 2026] [nid006855] - Abort(1) (rank 126 in comm 0): application called MPI_Abort(MPI_COMM_WORLD, 1) - process 126

aborting job:
application called MPI_Abort(MPI_COMM_WORLD, 1) - process 126
HIP error out of memory at alltoall_gpu.c:97
HIP error out of memory at alltoall_gpu.c:97
MPICH ERROR [Rank 235] [job id 22214578.0] [Mon Sep 21 17:21:08 2026] [nid007725] - Abort(1) (rank 235 in comm 0): application called MPI_Abort(MPI_COMM_WORLD, 1) - process 235

aborting job:
application called MPI_Abort(MPI_COMM_WORLD, 1) - process 235
HIP error out of memory at alltoall_gpu.c:97
MPICH ERROR [Rank 278] [job id 22214578.0] [Mon Sep 21 17:21:08 2026] [nid007730] - Abort(1) (rank 278 in comm 0): application called MPI_Abort(MPI_COMM_WORLD, 1) - process 278

aborting job:
application called MPI_Abort(MPI_COMM_WORLD, 1) - process 278
HIP error out of memory at alltoall_gpu.c:97
MPICH ERROR [Rank 385] [job id 22214578.0] [Mon Sep 21 17:21:08 2026] [nid007833] - Abort(1) (rank 385 in comm 0): application called MPI_Abort(MPI_COMM_WORLD, 1) - process 385

aborting job:
application called MPI_Abort(MPI_COMM_WORLD, 1) - process 385
MPICH ERROR [Rank 120] [job id 22214578.0] [Mon Sep 21 17:21:08 2026] [nid006855] - Abort(1) (rank 120 in comm 0): application called MPI_Abort(MPI_COMM_WORLD, 1) - process 120

aborting job:
application called MPI_Abort(MPI_COMM_WORLD, 1) - process 120
HIP error out of memory at alltoall_gpu.c:97
MPICH ERROR [Rank 346] [job id 22214578.0] [Mon Sep 21 17:21:08 2026] [nid007739] - Abort(1) (rank 346 in comm 0): application called MPI_Abort(MPI_COMM_WORLD, 1) - process 346

aborting job:
application called MPI_Abort(MPI_COMM_WORLD, 1) - process 346
HIP error out of memory at alltoall_gpu.c:97
MPICH ERROR [Rank 237] [job id 22214578.0] [Mon Sep 21 17:21:08 2026] [nid007725] - Abort(1) (rank 237 in comm 0): application called MPI_Abort(MPI_COMM_WORLD, 1) - process 237

aborting job:
application called MPI_Abort(MPI_COMM_WORLD, 1) - process 237
HIP error out of memory at alltoall_gpu.c:97
HIP error out of memory at alltoall_gpu.c:97
MPICH ERROR [Rank 272] [job id 22214578.0] [Mon Sep 21 17:21:08 2026] [nid007730] - Abort(1) (rank 272 in comm 0): application called MPI_Abort(MPI_COMM_WORLD, 1) - process 272

aborting job:
application called MPI_Abort(MPI_COMM_WORLD, 1) - process 272
HIP error out of memory at alltoall_gpu.c:97
HIP error out of memory at alltoall_gpu.c:97
HIP error out of memory at alltoall_gpu.c:97
MPICH ERROR [Rank 386] [job id 22214578.0] [Mon Sep 21 17:21:08 2026] [nid007833] - Abort(1) (rank 386 in comm 0): application called MPI_Abort(MPI_COMM_WORLD, 1) - process 386

aborting job:
application called MPI_Abort(MPI_COMM_WORLD, 1) - process 386
HIP error out of memory at alltoall_gpu.c:97
MPICH ERROR [Rank 347] [job id 22214578.0] [Mon Sep 21 17:21:08 2026] [nid007739] - Abort(1) (rank 347 in comm 0): application called MPI_Abort(MPI_COMM_WORLD, 1) - process 347

aborting job:
application called MPI_Abort(MPI_COMM_WORLD, 1) - process 347
MPICH ERROR [Rank 232] [job id 22214578.0] [Mon Sep 21 17:21:08 2026] [nid007725] - Abort(1) (rank 232 in comm 0): application called MPI_Abort(MPI_COMM_WORLD, 1) - process 232

aborting job:
application called MPI_Abort(MPI_COMM_WORLD, 1) - process 232
HIP error out of memory at alltoall_gpu.c:97
MPICH ERROR [Rank 372] [job id 22214578.0] [Mon Sep 21 17:21:08 2026] [nid007831] - Abort(1) (rank 372 in comm 0): application called MPI_Abort(MPI_COMM_WORLD, 1) - process 372

aborting job:
application called MPI_Abort(MPI_COMM_WORLD, 1) - process 372
HIP error out of memory at alltoall_gpu.c:97
MPICH ERROR [Rank 355] [job id 22214578.0] [Mon Sep 21 17:21:08 2026] [nid007740] - Abort(1) (rank 355 in comm 0): application called MPI_Abort(MPI_COMM_WORLD, 1) - process 355

aborting job:
application called MPI_Abort(MPI_COMM_WORLD, 1) - process 355
HIP error out of memory at alltoall_gpu.c:97
HIP error out of memory at alltoall_gpu.c:97
MPICH ERROR [Rank 459] [job id 22214578.0] [Mon Sep 21 17:21:08 2026] [nid007842] - Abort(1) (rank 459 in comm 0): application called MPI_Abort(MPI_COMM_WORLD, 1) - process 459

aborting job:
application called MPI_Abort(MPI_COMM_WORLD, 1) - process 459
HIP error out of memory at alltoall_gpu.c:97
MPICH ERROR [Rank 339] [job id 22214578.0] [Mon Sep 21 17:21:08 2026] [nid007738] - Abort(1) (rank 339 in comm 0): application called MPI_Abort(MPI_COMM_WORLD, 1) - process 339

aborting job:
application called MPI_Abort(MPI_COMM_WORLD, 1) - process 339
HIP error out of memory at alltoall_gpu.c:97
MPICH ERROR [Rank 387] [job id 22214578.0] [Mon Sep 21 17:21:08 2026] [nid007833] - Abort(1) (rank 387 in comm 0): application called MPI_Abort(MPI_COMM_WORLD, 1) - process 387

aborting job:
application called MPI_Abort(MPI_COMM_WORLD, 1) - process 387
HIP error out of memory at alltoall_gpu.c:97
HIP error out of memory at alltoall_gpu.c:97
MPICH ERROR [Rank 349] [job id 22214578.0] [Mon Sep 21 17:21:08 2026] [nid007739] - Abort(1) (rank 349 in comm 0): application called MPI_Abort(MPI_COMM_WORLD, 1) - process 349

aborting job:
application called MPI_Abort(MPI_COMM_WORLD, 1) - process 349
HIP error out of memory at alltoall_gpu.c:97
MPICH ERROR [Rank 373] [job id 22214578.0] [Mon Sep 21 17:21:08 2026] [nid007831] - Abort(1) (rank 373 in comm 0): application called MPI_Abort(MPI_COMM_WORLD, 1) - process 373

aborting job:
application called MPI_Abort(MPI_COMM_WORLD, 1) - process 373
HIP error out of memory at alltoall_gpu.c:97
MPICH ERROR [Rank 356] [job id 22214578.0] [Mon Sep 21 17:21:08 2026] [nid007740] - Abort(1) (rank 356 in comm 0): application called MPI_Abort(MPI_COMM_WORLD, 1) - process 356

aborting job:
application called MPI_Abort(MPI_COMM_WORLD, 1) - process 356
HIP error out of memory at alltoall_gpu.c:97
MPICH ERROR [Rank 322] [job id 22214578.0] [Mon Sep 21 17:21:08 2026] [nid007736] - Abort(1) (rank 322 in comm 0): application called MPI_Abort(MPI_COMM_WORLD, 1) - process 322

aborting job:
application called MPI_Abort(MPI_COMM_WORLD, 1) - process 322
HIP error out of memory at alltoall_gpu.c:97
MPICH ERROR [Rank 461] [job id 22214578.0] [Mon Sep 21 17:21:08 2026] [nid007842] - Abort(1) (rank 461 in comm 0): application called MPI_Abort(MPI_COMM_WORLD, 1) - process 461

aborting job:
application called MPI_Abort(MPI_COMM_WORLD, 1) - process 461
HIP error out of memory at alltoall_gpu.c:97
MPICH ERROR [Rank 341] [job id 22214578.0] [Mon Sep 21 17:21:08 2026] [nid007738] - Abort(1) (rank 341 in comm 0): application called MPI_Abort(MPI_COMM_WORLD, 1) - process 341

aborting job:
application called MPI_Abort(MPI_COMM_WORLD, 1) - process 341
MPICH ERROR [Rank 384] [job id 22214578.0] [Mon Sep 21 17:21:08 2026] [nid007833] - Abort(1) (rank 384 in comm 0): application called MPI_Abort(MPI_COMM_WORLD, 1) - process 384

aborting job:
application called MPI_Abort(MPI_COMM_WORLD, 1) - process 384
HIP error out of memory at alltoall_gpu.c:97
MPICH ERROR [Rank 34] [job id 22214578.0] [Mon Sep 21 17:21:08 2026] [nid005743] - Abort(1) (rank 34 in comm 0): application called MPI_Abort(MPI_COMM_WORLD, 1) - process 34

aborting job:
application called MPI_Abort(MPI_COMM_WORLD, 1) - process 34
MPICH ERROR [Rank 345] [job id 22214578.0] [Mon Sep 21 17:21:08 2026] [nid007739] - Abort(1) (rank 345 in comm 0): application called MPI_Abort(MPI_COMM_WORLD, 1) - process 345

aborting job:
application called MPI_Abort(MPI_COMM_WORLD, 1) - process 345
HIP error out of memory at alltoall_gpu.c:97
MPICH ERROR [Rank 374] [job id 22214578.0] [Mon Sep 21 17:21:08 2026] [nid007831] - Abort(1) (rank 374 in comm 0): application called MPI_Abort(MPI_COMM_WORLD, 1) - process 374

aborting job:
application called MPI_Abort(MPI_COMM_WORLD, 1) - process 374
HIP error out of memory at alltoall_gpu.c:97
MPICH ERROR [Rank 357] [job id 22214578.0] [Mon Sep 21 17:21:08 2026] [nid007740] - Abort(1) (rank 357 in comm 0): application called MPI_Abort(MPI_COMM_WORLD, 1) - process 357

aborting job:
application called MPI_Abort(MPI_COMM_WORLD, 1) - process 357
HIP error out of memory at alltoall_gpu.c:97
MPICH ERROR [Rank 323] [job id 22214578.0] [Mon Sep 21 17:21:08 2026] [nid007736] - Abort(1) (rank 323 in comm 0): application called MPI_Abort(MPI_COMM_WORLD, 1) - process 323

aborting job:
application called MPI_Abort(MPI_COMM_WORLD, 1) - process 323
HIP error out of memory at alltoall_gpu.c:97
MPICH ERROR [Rank 462] [job id 22214578.0] [Mon Sep 21 17:21:08 2026] [nid007842] - Abort(1) (rank 462 in comm 0): application called MPI_Abort(MPI_COMM_WORLD, 1) - process 462

aborting job:
application called MPI_Abort(MPI_COMM_WORLD, 1) - process 462
HIP error out of memory at alltoall_gpu.c:97
MPICH ERROR [Rank 342] [job id 22214578.0] [Mon Sep 21 17:21:08 2026] [nid007738] - Abort(1) (rank 342 in comm 0): application called MPI_Abort(MPI_COMM_WORLD, 1) - process 342

aborting job:
application called MPI_Abort(MPI_COMM_WORLD, 1) - process 342
HIP error out of memory at alltoall_gpu.c:97
HIP error out of memory at alltoall_gpu.c:97
MPICH ERROR [Rank 36] [job id 22214578.0] [Mon Sep 21 17:21:08 2026] [nid005743] - Abort(1) (rank 36 in comm 0): application called MPI_Abort(MPI_COMM_WORLD, 1) - process 36

aborting job:
application called MPI_Abort(MPI_COMM_WORLD, 1) - process 36
HIP error out of memory at alltoall_gpu.c:97
HIP error out of memory at alltoall_gpu.c:97
MPICH ERROR [Rank 370] [job id 22214578.0] [Mon Sep 21 17:21:08 2026] [nid007831] - Abort(1) (rank 370 in comm 0): application called MPI_Abort(MPI_COMM_WORLD, 1) - process 370

aborting job:
application called MPI_Abort(MPI_COMM_WORLD, 1) - process 370
MPICH ERROR [Rank 353] [job id 22214578.0] [Mon Sep 21 17:21:08 2026] [nid007740] - Abort(1) (rank 353 in comm 0): application called MPI_Abort(MPI_COMM_WORLD, 1) - process 353

aborting job:
application called MPI_Abort(MPI_COMM_WORLD, 1) - process 353
HIP error out of memory at alltoall_gpu.c:97
MPICH ERROR [Rank 326] [job id 22214578.0] [Mon Sep 21 17:21:08 2026] [nid007736] - Abort(1) (rank 326 in comm 0): application called MPI_Abort(MPI_COMM_WORLD, 1) - process 326

aborting job:
application called MPI_Abort(MPI_COMM_WORLD, 1) - process 326
MPICH ERROR [Rank 458] [job id 22214578.0] [Mon Sep 21 17:21:08 2026] [nid007842] - Abort(1) (rank 458 in comm 0): application called MPI_Abort(MPI_COMM_WORLD, 1) - process 458

aborting job:
application called MPI_Abort(MPI_COMM_WORLD, 1) - process 458
MPICH ERROR [Rank 336] [job id 22214578.0] [Mon Sep 21 17:21:08 2026] [nid007738] - Abort(1) (rank 336 in comm 0): application called MPI_Abort(MPI_COMM_WORLD, 1) - process 336

aborting job:
application called MPI_Abort(MPI_COMM_WORLD, 1) - process 336
HIP error out of memory at alltoall_gpu.c:97
MPICH ERROR [Rank 433] [job id 22214578.0] [Mon Sep 21 17:21:08 2026] [nid007839] - Abort(1) (rank 433 in comm 0): application called MPI_Abort(MPI_COMM_WORLD, 1) - process 433

aborting job:
application called MPI_Abort(MPI_COMM_WORLD, 1) - process 433
HIP error out of memory at alltoall_gpu.c:97
MPICH ERROR [Rank 37] [job id 22214578.0] [Mon Sep 21 17:21:08 2026] [nid005743] - Abort(1) (rank 37 in comm 0): application called MPI_Abort(MPI_COMM_WORLD, 1) - process 37

aborting job:
application called MPI_Abort(MPI_COMM_WORLD, 1) - process 37
HIP error out of memory at alltoall_gpu.c:97
MPICH ERROR [Rank 301] [job id 22214578.0] [Mon Sep 21 17:21:08 2026] [nid007733] - Abort(1) (rank 301 in comm 0): application called MPI_Abort(MPI_COMM_WORLD, 1) - process 301

aborting job:
application called MPI_Abort(MPI_COMM_WORLD, 1) - process 301
HIP error out of memory at alltoall_gpu.c:97
MPICH ERROR [Rank 418] [job id 22214578.0] [Mon Sep 21 17:21:08 2026] [nid007837] - Abort(1) (rank 418 in comm 0): application called MPI_Abort(MPI_COMM_WORLD, 1) - process 418

aborting job:
application called MPI_Abort(MPI_COMM_WORLD, 1) - process 418
MPICH ERROR [Rank 321] [job id 22214578.0] [Mon Sep 21 17:21:08 2026] [nid007736] - Abort(1) (rank 321 in comm 0): application called MPI_Abort(MPI_COMM_WORLD, 1) - process 321

aborting job:
application called MPI_Abort(MPI_COMM_WORLD, 1) - process 321
HIP error out of memory at alltoall_gpu.c:97
HIP error out of memory at alltoall_gpu.c:97
MPICH ERROR [Rank 434] [job id 22214578.0] [Mon Sep 21 17:21:08 2026] [nid007839] - Abort(1) (rank 434 in comm 0): application called MPI_Abort(MPI_COMM_WORLD, 1) - process 434

aborting job:
application called MPI_Abort(MPI_COMM_WORLD, 1) - process 434
MPICH ERROR [Rank 32] [job id 22214578.0] [Mon Sep 21 17:21:08 2026] [nid005743] - Abort(1) (rank 32 in comm 0): application called MPI_Abort(MPI_COMM_WORLD, 1) - process 32

aborting job:
application called MPI_Abort(MPI_COMM_WORLD, 1) - process 32
HIP error out of memory at alltoall_gpu.c:97
HIP error out of memory at alltoall_gpu.c:97
MPICH ERROR [Rank 297] [job id 22214578.0] [Mon Sep 21 17:21:08 2026] [nid007733] - Abort(1) (rank 297 in comm 0): application called MPI_Abort(MPI_COMM_WORLD, 1) - process 297

aborting job:
application called MPI_Abort(MPI_COMM_WORLD, 1) - process 297
HIP error out of memory at alltoall_gpu.c:97
MPICH ERROR [Rank 421] [job id 22214578.0] [Mon Sep 21 17:21:08 2026] [nid007837] - Abort(1) (rank 421 in comm 0): application called MPI_Abort(MPI_COMM_WORLD, 1) - process 421

aborting job:
application called MPI_Abort(MPI_COMM_WORLD, 1) - process 421
HIP error out of memory at alltoall_gpu.c:97
HIP error out of memory at alltoall_gpu.c:97
MPICH ERROR [Rank 257] [job id 22214578.0] [Mon Sep 21 17:21:08 2026] [nid007728] - Abort(1) (rank 257 in comm 0): application called MPI_Abort(MPI_COMM_WORLD, 1) - process 257

aborting job:
application called MPI_Abort(MPI_COMM_WORLD, 1) - process 257
HIP error out of memory at alltoall_gpu.c:97
MPICH ERROR [Rank 436] [job id 22214578.0] [Mon Sep 21 17:21:08 2026] [nid007839] - Abort(1) (rank 436 in comm 0): application called MPI_Abort(MPI_COMM_WORLD, 1) - process 436

aborting job:
application called MPI_Abort(MPI_COMM_WORLD, 1) - process 436
HIP error out of memory at alltoall_gpu.c:97
HIP error out of memory at alltoall_gpu.c:97
MPICH ERROR [Rank 441] [job id 22214578.0] [Mon Sep 21 17:21:08 2026] [nid007840] - Abort(1) (rank 441 in comm 0): application called MPI_Abort(MPI_COMM_WORLD, 1) - process 441

aborting job:
application called MPI_Abort(MPI_COMM_WORLD, 1) - process 441
MPICH ERROR [Rank 298] [job id 22214578.0] [Mon Sep 21 17:21:08 2026] [nid007733] - Abort(1) (rank 298 in comm 0): application called MPI_Abort(MPI_COMM_WORLD, 1) - process 298

aborting job:
application called MPI_Abort(MPI_COMM_WORLD, 1) - process 298
HIP error out of memory at alltoall_gpu.c:97
MPICH ERROR [Rank 422] [job id 22214578.0] [Mon Sep 21 17:21:08 2026] [nid007837] - Abort(1) (rank 422 in comm 0): application called MPI_Abort(MPI_COMM_WORLD, 1) - process 422

aborting job:
application called MPI_Abort(MPI_COMM_WORLD, 1) - process 422
HIP error out of memory at alltoall_gpu.c:97
MPICH ERROR [Rank 83] [job id 22214578.0] [Mon Sep 21 17:21:08 2026] [nid005749] - Abort(1) (rank 83 in comm 0): application called MPI_Abort(MPI_COMM_WORLD, 1) - process 83

HIP error out of memory at alltoall_gpu.c:97
MPICH ERROR [Rank 258] [job id 22214578.0] [Mon Sep 21 17:21:08 2026] [nid007728] - Abort(1) (rank 258 in comm 0): application called MPI_Abort(MPI_COMM_WORLD, 1) - process 258

aborting job:
application called MPI_Abort(MPI_COMM_WORLD, 1) - process 258
MPICH ERROR [Rank 432] [job id 22214578.0] [Mon Sep 21 17:21:08 2026] [nid007839] - Abort(1) (rank 432 in comm 0): application called MPI_Abort(MPI_COMM_WORLD, 1) - process 432

aborting job:
application called MPI_Abort(MPI_COMM_WORLD, 1) - process 432
HIP error out of memory at alltoall_gpu.c:97
MPICH ERROR [Rank 243] [job id 22214578.0] [Mon Sep 21 17:21:08 2026] [nid007726] - Abort(1) (rank 243 in comm 0): application called MPI_Abort(MPI_COMM_WORLD, 1) - process 243

aborting job:
application called MPI_Abort(MPI_COMM_WORLD, 1) - process 243
HIP error out of memory at alltoall_gpu.c:97
MPICH ERROR [Rank 442] [job id 22214578.0] [Mon Sep 21 17:21:08 2026] [nid007840] - Abort(1) (rank 442 in comm 0): application called MPI_Abort(MPI_COMM_WORLD, 1) - process 442

aborting job:
application called MPI_Abort(MPI_COMM_WORLD, 1) - process 442
HIP error out of memory at alltoall_gpu.c:97
MPICH ERROR [Rank 300] [job id 22214578.0] [Mon Sep 21 17:21:08 2026] [nid007733] - Abort(1) (rank 300 in comm 0): application called MPI_Abort(MPI_COMM_WORLD, 1) - process 300

aborting job:
application called MPI_Abort(MPI_COMM_WORLD, 1) - process 300
MPICH ERROR [Rank 417] [job id 22214578.0] [Mon Sep 21 17:21:08 2026] [nid007837] - Abort(1) (rank 417 in comm 0): application called MPI_Abort(MPI_COMM_WORLD, 1) - process 417

aborting job:
application called MPI_Abort(MPI_COMM_WORLD, 1) - process 417
HIP error out of memory at alltoall_gpu.c:97
MPICH ERROR [Rank 84] [job id 22214578.0] [Mon Sep 21 17:21:08 2026] [nid005749] - Abort(1) (rank 84 in comm 0): application called MPI_Abort(MPI_COMM_WORLD, 1) - process 84

aborting job:
application called MPI_Abort(MPI_COMM_WORLD, 1) - process 84
HIP error out of memory at alltoall_gpu.c:97
MPICH ERROR [Rank 261] [job id 22214578.0] [Mon Sep 21 17:21:08 2026] [nid007728] - Abort(1) (rank 261 in comm 0): application called MPI_Abort(MPI_COMM_WORLD, 1) - process 261

aborting job:
application called MPI_Abort(MPI_COMM_WORLD, 1) - process 261
HIP error out of memory at alltoall_gpu.c:97
MPICH ERROR [Rank 244] [job id 22214578.0] [Mon Sep 21 17:21:08 2026] [nid007726] - Abort(1) (rank 244 in comm 0): application called MPI_Abort(MPI_COMM_WORLD, 1) - process 244

aborting job:
application called MPI_Abort(MPI_COMM_WORLD, 1) - process 244
HIP error out of memory at alltoall_gpu.c:97
MPICH ERROR [Rank 443] [job id 22214578.0] [Mon Sep 21 17:21:08 2026] [nid007840] - Abort(1) (rank 443 in comm 0): application called MPI_Abort(MPI_COMM_WORLD, 1) - process 443

aborting job:
application called MPI_Abort(MPI_COMM_WORLD, 1) - process 443
HIP error out of memory at alltoall_gpu.c:97
MPICH ERROR [Rank 85] [job id 22214578.0] [Mon Sep 21 17:21:08 2026] [nid005749] - Abort(1) (rank 85 in comm 0): application called MPI_Abort(MPI_COMM_WORLD, 1) - process 85

aborting job:
application called MPI_Abort(MPI_COMM_WORLD, 1) - process 85
MPICH ERROR [Rank 256] [job id 22214578.0] [Mon Sep 21 17:21:08 2026] [nid007728] - Abort(1) (rank 256 in comm 0): application called MPI_Abort(MPI_COMM_WORLD, 1) - process 256

aborting job:
application called MPI_Abort(MPI_COMM_WORLD, 1) - process 256
HIP error out of memory at alltoall_gpu.c:97
MPICH ERROR [Rank 245] [job id 22214578.0] [Mon Sep 21 17:21:08 2026] [nid007726] - Abort(1) (rank 245 in comm 0): application called MPI_Abort(MPI_COMM_WORLD, 1) - process 245

aborting job:
application called MPI_Abort(MPI_COMM_WORLD, 1) - process 245
MPICH ERROR [Rank 440] [job id 22214578.0] [Mon Sep 21 17:21:08 2026] [nid007840] - Abort(1) (rank 440 in comm 0): application called MPI_Abort(MPI_COMM_WORLD, 1) - process 440

aborting job:
application called MPI_Abort(MPI_COMM_WORLD, 1) - process 440
MPICH ERROR [Rank 82] [job id 22214578.0] [Mon Sep 21 17:21:08 2026] [nid005749] - Abort(1) (rank 82 in comm 0): application called MPI_Abort(MPI_COMM_WORLD, 1) - process 82

aborting job:
application called MPI_Abort(MPI_COMM_WORLD, 1) - process 82
MPICH ERROR [Rank 241] [job id 22214578.0] [Mon Sep 21 17:21:08 2026] [nid007726] - Abort(1) (rank 241 in comm 0): application called MPI_Abort(MPI_COMM_WORLD, 1) - process 241

aborting job:
application called MPI_Abort(MPI_COMM_WORLD, 1) - process 241
aborting job:
application called MPI_Abort(MPI_COMM_WORLD, 1) - process 83
HIP error out of memory at alltoall_gpu.c:97
HIP error out of memory at alltoall_gpu.c:97
MPICH ERROR [Rank 203] [job id 22214578.0] [Mon Sep 21 17:21:08 2026] [nid006865] - Abort(1) (rank 203 in comm 0): application called MPI_Abort(MPI_COMM_WORLD, 1) - process 203

aborting job:
application called MPI_Abort(MPI_COMM_WORLD, 1) - process 203
HIP error out of memory at alltoall_gpu.c:97
MPICH ERROR [Rank 205] [job id 22214578.0] [Mon Sep 21 17:21:08 2026] [nid006865] - Abort(1) (rank 205 in comm 0): application called MPI_Abort(MPI_COMM_WORLD, 1) - process 205

aborting job:
application called MPI_Abort(MPI_COMM_WORLD, 1) - process 205
HIP error out of memory at alltoall_gpu.c:97
MPICH ERROR [Rank 206] [job id 22214578.0] [Mon Sep 21 17:21:08 2026] [nid006865] - Abort(1) (rank 206 in comm 0): application called MPI_Abort(MPI_COMM_WORLD, 1) - process 206

aborting job:
application called MPI_Abort(MPI_COMM_WORLD, 1) - process 206
MPICH ERROR [Rank 200] [job id 22214578.0] [Mon Sep 21 17:21:08 2026] [nid006865] - Abort(1) (rank 200 in comm 0): application called MPI_Abort(MPI_COMM_WORLD, 1) - process 200

aborting job:
application called MPI_Abort(MPI_COMM_WORLD, 1) - process 200
HIP error out of memory at alltoall_gpu.c:97
HIP error out of memory at alltoall_gpu.c:97
MPICH ERROR [Rank 59] [job id 22214578.0] [Mon Sep 21 17:21:08 2026] [nid005746] - Abort(1) (rank 59 in comm 0): application called MPI_Abort(MPI_COMM_WORLD, 1) - process 59

aborting job:
application called MPI_Abort(MPI_COMM_WORLD, 1) - process 59
HIP error out of memory at alltoall_gpu.c:97
MPICH ERROR [Rank 60] [job id 22214578.0] [Mon Sep 21 17:21:08 2026] [nid005746] - Abort(1) (rank 60 in comm 0): application called MPI_Abort(MPI_COMM_WORLD, 1) - process 60

aborting job:
application called MPI_Abort(MPI_COMM_WORLD, 1) - process 60
HIP error out of memory at alltoall_gpu.c:97
MPICH ERROR [Rank 62] [job id 22214578.0] [Mon Sep 21 17:21:08 2026] [nid005746] - Abort(1) (rank 62 in comm 0): application called MPI_Abort(MPI_COMM_WORLD, 1) - process 62

aborting job:
application called MPI_Abort(MPI_COMM_WORLD, 1) - process 62
MPICH ERROR [Rank 56] [job id 22214578.0] [Mon Sep 21 17:21:08 2026] [nid005746] - Abort(1) (rank 56 in comm 0): application called MPI_Abort(MPI_COMM_WORLD, 1) - process 56

aborting job:
application called MPI_Abort(MPI_COMM_WORLD, 1) - process 56
HIP error out of memory at alltoall_gpu.c:97
HIP error out of memory at alltoall_gpu.c:97
MPICH ERROR [Rank 426] [job id 22214578.0] [Mon Sep 21 17:21:08 2026] [nid007838] - Abort(1) (rank 426 in comm 0): application called MPI_Abort(MPI_COMM_WORLD, 1) - process 426

aborting job:
application called MPI_Abort(MPI_COMM_WORLD, 1) - process 426
HIP error out of memory at alltoall_gpu.c:97
MPICH ERROR [Rank 429] [job id 22214578.0] [Mon Sep 21 17:21:08 2026] [nid007838] - Abort(1) (rank 429 in comm 0): application called MPI_Abort(MPI_COMM_WORLD, 1) - process 429

aborting job:
application called MPI_Abort(MPI_COMM_WORLD, 1) - process 429
HIP error out of memory at alltoall_gpu.c:97
MPICH ERROR [Rank 430] [job id 22214578.0] [Mon Sep 21 17:21:08 2026] [nid007838] - Abort(1) (rank 430 in comm 0): application called MPI_Abort(MPI_COMM_WORLD, 1) - process 430

aborting job:
application called MPI_Abort(MPI_COMM_WORLD, 1) - process 430
MPICH ERROR [Rank 424] [job id 22214578.0] [Mon Sep 21 17:21:08 2026] [nid007838] - Abort(1) (rank 424 in comm 0): application called MPI_Abort(MPI_COMM_WORLD, 1) - process 424

aborting job:
application called MPI_Abort(MPI_COMM_WORLD, 1) - process 424
HIP error out of memory at alltoall_gpu.c:97
HIP error out of memory at alltoall_gpu.c:97
MPICH ERROR [Rank 330] [job id 22214578.0] [Mon Sep 21 17:21:08 2026] [nid007737] - Abort(1) (rank 330 in comm 0): application called MPI_Abort(MPI_COMM_WORLD, 1) - process 330

aborting job:
application called MPI_Abort(MPI_COMM_WORLD, 1) - process 330
HIP error out of memory at alltoall_gpu.c:97
MPICH ERROR [Rank 331] [job id 22214578.0] [Mon Sep 21 17:21:08 2026] [nid007737] - Abort(1) (rank 331 in comm 0): application called MPI_Abort(MPI_COMM_WORLD, 1) - process 331

aborting job:
application called MPI_Abort(MPI_COMM_WORLD, 1) - process 331
HIP error out of memory at alltoall_gpu.c:97
MPICH ERROR [Rank 333] [job id 22214578.0] [Mon Sep 21 17:21:08 2026] [nid007737] - Abort(1) (rank 333 in comm 0): application called MPI_Abort(MPI_COMM_WORLD, 1) - process 333

aborting job:
application called MPI_Abort(MPI_COMM_WORLD, 1) - process 333
MPICH ERROR [Rank 329] [job id 22214578.0] [Mon Sep 21 17:21:08 2026] [nid007737] - Abort(1) (rank 329 in comm 0): application called MPI_Abort(MPI_COMM_WORLD, 1) - process 329

aborting job:
application called MPI_Abort(MPI_COMM_WORLD, 1) - process 329
HIP error out of memory at alltoall_gpu.c:97
HIP error out of memory at alltoall_gpu.c:97
MPICH ERROR [Rank 26] [job id 22214578.0] [Mon Sep 21 17:21:08 2026] [nid005742] - Abort(1) (rank 26 in comm 0): application called MPI_Abort(MPI_COMM_WORLD, 1) - process 26

HIP error out of memory at alltoall_gpu.c:97
MPICH ERROR [Rank 27] [job id 22214578.0] [Mon Sep 21 17:21:08 2026] [nid005742] - Abort(1) (rank 27 in comm 0): application called MPI_Abort(MPI_COMM_WORLD, 1) - process 27

aborting job:
application called MPI_Abort(MPI_COMM_WORLD, 1) - process 27
HIP error out of memory at alltoall_gpu.c:97
MPICH ERROR [Rank 29] [job id 22214578.0] [Mon Sep 21 17:21:08 2026] [nid005742] - Abort(1) (rank 29 in comm 0): application called MPI_Abort(MPI_COMM_WORLD, 1) - process 29

aborting job:
application called MPI_Abort(MPI_COMM_WORLD, 1) - process 29
MPICH ERROR [Rank 25] [job id 22214578.0] [Mon Sep 21 17:21:08 2026] [nid005742] - Abort(1) (rank 25 in comm 0): application called MPI_Abort(MPI_COMM_WORLD, 1) - process 25

aborting job:
application called MPI_Abort(MPI_COMM_WORLD, 1) - process 25
aborting job:
application called MPI_Abort(MPI_COMM_WORLD, 1) - process 26
HIP error out of memory at alltoall_gpu.c:97
HIP error out of memory at alltoall_gpu.c:97
MPICH ERROR [Rank 41] [job id 22214578.0] [Mon Sep 21 17:21:08 2026] [nid005744] - Abort(1) (rank 41 in comm 0): application called MPI_Abort(MPI_COMM_WORLD, 1) - process 41

aborting job:
application called MPI_Abort(MPI_COMM_WORLD, 1) - process 41
HIP error out of memory at alltoall_gpu.c:97
MPICH ERROR [Rank 42] [job id 22214578.0] [Mon Sep 21 17:21:08 2026] [nid005744] - Abort(1) (rank 42 in comm 0): application called MPI_Abort(MPI_COMM_WORLD, 1) - process 42

aborting job:
application called MPI_Abort(MPI_COMM_WORLD, 1) - process 42
HIP error out of memory at alltoall_gpu.c:97
MPICH ERROR [Rank 44] [job id 22214578.0] [Mon Sep 21 17:21:08 2026] [nid005744] - Abort(1) (rank 44 in comm 0): application called MPI_Abort(MPI_COMM_WORLD, 1) - process 44

aborting job:
application called MPI_Abort(MPI_COMM_WORLD, 1) - process 44
MPICH ERROR [Rank 40] [job id 22214578.0] [Mon Sep 21 17:21:08 2026] [nid005744] - Abort(1) (rank 40 in comm 0): application called MPI_Abort(MPI_COMM_WORLD, 1) - process 40

aborting job:
application called MPI_Abort(MPI_COMM_WORLD, 1) - process 40
HIP error out of memory at alltoall_gpu.c:97
HIP error out of memory at alltoall_gpu.c:97
MPICH ERROR [Rank 147] [job id 22214578.0] [Mon Sep 21 17:21:08 2026] [nid006858] - Abort(1) (rank 147 in comm 0): application called MPI_Abort(MPI_COMM_WORLD, 1) - process 147

aborting job:
application called MPI_Abort(MPI_COMM_WORLD, 1) - process 147
HIP error out of memory at alltoall_gpu.c:97
MPICH ERROR [Rank 148] [job id 22214578.0] [Mon Sep 21 17:21:08 2026] [nid006858] - Abort(1) (rank 148 in comm 0): application called MPI_Abort(MPI_COMM_WORLD, 1) - process 148

aborting job:
application called MPI_Abort(MPI_COMM_WORLD, 1) - process 148
HIP error out of memory at alltoall_gpu.c:97
MPICH ERROR [Rank 149] [job id 22214578.0] [Mon Sep 21 17:21:08 2026] [nid006858] - Abort(1) (rank 149 in comm 0): application called MPI_Abort(MPI_COMM_WORLD, 1) - process 149

aborting job:
application called MPI_Abort(MPI_COMM_WORLD, 1) - process 149
MPICH ERROR [Rank 146] [job id 22214578.0] [Mon Sep 21 17:21:08 2026] [nid006858] - Abort(1) (rank 146 in comm 0): application called MPI_Abort(MPI_COMM_WORLD, 1) - process 146

aborting job:
application called MPI_Abort(MPI_COMM_WORLD, 1) - process 146
HIP error out of memory at alltoall_gpu.c:97
HIP error out of memory at alltoall_gpu.c:97
MPICH ERROR [Rank 115] [job id 22214578.0] [Mon Sep 21 17:21:08 2026] [nid006854] - Abort(1) (rank 115 in comm 0): application called MPI_Abort(MPI_COMM_WORLD, 1) - process 115

aborting job:
application called MPI_Abort(MPI_COMM_WORLD, 1) - process 115
HIP error out of memory at alltoall_gpu.c:97
MPICH ERROR [Rank 117] [job id 22214578.0] [Mon Sep 21 17:21:08 2026] [nid006854] - Abort(1) (rank 117 in comm 0): application called MPI_Abort(MPI_COMM_WORLD, 1) - process 117

aborting job:
application called MPI_Abort(MPI_COMM_WORLD, 1) - process 117
HIP error out of memory at alltoall_gpu.c:97
MPICH ERROR [Rank 118] [job id 22214578.0] [Mon Sep 21 17:21:08 2026] [nid006854] - Abort(1) (rank 118 in comm 0): application called MPI_Abort(MPI_COMM_WORLD, 1) - process 118

aborting job:
application called MPI_Abort(MPI_COMM_WORLD, 1) - process 118
MPICH ERROR [Rank 113] [job id 22214578.0] [Mon Sep 21 17:21:08 2026] [nid006854] - Abort(1) (rank 113 in comm 0): application called MPI_Abort(MPI_COMM_WORLD, 1) - process 113

aborting job:
application called MPI_Abort(MPI_COMM_WORLD, 1) - process 113
HIP error out of memory at alltoall_gpu.c:97
HIP error out of memory at alltoall_gpu.c:97
MPICH ERROR [Rank 153] [job id 22214578.0] [Mon Sep 21 17:21:08 2026] [nid006859] - Abort(1) (rank 153 in comm 0): application called MPI_Abort(MPI_COMM_WORLD, 1) - process 153

aborting job:
application called MPI_Abort(MPI_COMM_WORLD, 1) - process 153
HIP error out of memory at alltoall_gpu.c:97
MPICH ERROR [Rank 155] [job id 22214578.0] [Mon Sep 21 17:21:08 2026] [nid006859] - Abort(1) (rank 155 in comm 0): application called MPI_Abort(MPI_COMM_WORLD, 1) - process 155

aborting job:
application called MPI_Abort(MPI_COMM_WORLD, 1) - process 155
HIP error out of memory at alltoall_gpu.c:97
MPICH ERROR [Rank 156] [job id 22214578.0] [Mon Sep 21 17:21:08 2026] [nid006859] - Abort(1) (rank 156 in comm 0): application called MPI_Abort(MPI_COMM_WORLD, 1) - process 156

aborting job:
application called MPI_Abort(MPI_COMM_WORLD, 1) - process 156
MPICH ERROR [Rank 152] [job id 22214578.0] [Mon Sep 21 17:21:08 2026] [nid006859] - Abort(1) (rank 152 in comm 0): application called MPI_Abort(MPI_COMM_WORLD, 1) - process 152

aborting job:
application called MPI_Abort(MPI_COMM_WORLD, 1) - process 152
HIP error out of memory at alltoall_gpu.c:97
HIP error out of memory at alltoall_gpu.c:97
MPICH ERROR [Rank 211] [job id 22214578.0] [Mon Sep 21 17:21:08 2026] [nid006866] - Abort(1) (rank 211 in comm 0): application called MPI_Abort(MPI_COMM_WORLD, 1) - process 211

aborting job:
application called MPI_Abort(MPI_COMM_WORLD, 1) - process 211
HIP error out of memory at alltoall_gpu.c:97
MPICH ERROR [Rank 212] [job id 22214578.0] [Mon Sep 21 17:21:08 2026] [nid006866] - Abort(1) (rank 212 in comm 0): application called MPI_Abort(MPI_COMM_WORLD, 1) - process 212

aborting job:
application called MPI_Abort(MPI_COMM_WORLD, 1) - process 212
HIP error out of memory at alltoall_gpu.c:97
HIP error out of memory at alltoall_gpu.c:97
MPICH ERROR [Rank 213] [job id 22214578.0] [Mon Sep 21 17:21:08 2026] [nid006866] - Abort(1) (rank 213 in comm 0): application called MPI_Abort(MPI_COMM_WORLD, 1) - process 213

aborting job:
application called MPI_Abort(MPI_COMM_WORLD, 1) - process 213
HIP error out of memory at alltoall_gpu.c:97
MPICH ERROR [Rank 409] [job id 22214578.0] [Mon Sep 21 17:21:08 2026] [nid007836] - Abort(1) (rank 409 in comm 0): application called MPI_Abort(MPI_COMM_WORLD, 1) - process 409

aborting job:
application called MPI_Abort(MPI_COMM_WORLD, 1) - process 409
MPICH ERROR [Rank 209] [job id 22214578.0] [Mon Sep 21 17:21:08 2026] [nid006866] - Abort(1) (rank 209 in comm 0): application called MPI_Abort(MPI_COMM_WORLD, 1) - process 209

aborting job:
application called MPI_Abort(MPI_COMM_WORLD, 1) - process 209
HIP error out of memory at alltoall_gpu.c:97
MPICH ERROR [Rank 411] [job id 22214578.0] [Mon Sep 21 17:21:08 2026] [nid007836] - Abort(1) (rank 411 in comm 0): application called MPI_Abort(MPI_COMM_WORLD, 1) - process 411

aborting job:
application called MPI_Abort(MPI_COMM_WORLD, 1) - process 411
HIP error out of memory at alltoall_gpu.c:97
MPICH ERROR [Rank 414] [job id 22214578.0] [Mon Sep 21 17:21:08 2026] [nid007836] - Abort(1) (rank 414 in comm 0): application called MPI_Abort(MPI_COMM_WORLD, 1) - process 414

aborting job:
application called MPI_Abort(MPI_COMM_WORLD, 1) - process 414
MPICH ERROR [Rank 408] [job id 22214578.0] [Mon Sep 21 17:21:08 2026] [nid007836] - Abort(1) (rank 408 in comm 0): application called MPI_Abort(MPI_COMM_WORLD, 1) - process 408

aborting job:
application called MPI_Abort(MPI_COMM_WORLD, 1) - process 408
HIP error out of memory at alltoall_gpu.c:97
HIP error out of memory at alltoall_gpu.c:97
MPICH ERROR [Rank 130] [job id 22214578.0] [Mon Sep 21 17:21:08 2026] [nid006856] - Abort(1) (rank 130 in comm 0): application called MPI_Abort(MPI_COMM_WORLD, 1) - process 130

aborting job:
application called MPI_Abort(MPI_COMM_WORLD, 1) - process 130
HIP error out of memory at alltoall_gpu.c:97
MPICH ERROR [Rank 131] [job id 22214578.0] [Mon Sep 21 17:21:08 2026] [nid006856] - Abort(1) (rank 131 in comm 0): application called MPI_Abort(MPI_COMM_WORLD, 1) - process 131

aborting job:
application called MPI_Abort(MPI_COMM_WORLD, 1) - process 131
HIP error out of memory at alltoall_gpu.c:97
MPICH ERROR [Rank 132] [job id 22214578.0] [Mon Sep 21 17:21:08 2026] [nid006856] - Abort(1) (rank 132 in comm 0): application called MPI_Abort(MPI_COMM_WORLD, 1) - process 132

aborting job:
application called MPI_Abort(MPI_COMM_WORLD, 1) - process 132
MPICH ERROR [Rank 128] [job id 22214578.0] [Mon Sep 21 17:21:08 2026] [nid006856] - Abort(1) (rank 128 in comm 0): application called MPI_Abort(MPI_COMM_WORLD, 1) - process 128

aborting job:
application called MPI_Abort(MPI_COMM_WORLD, 1) - process 128
srun: error: nid007729: tasks 264,267-268,270: Exited with exit code 255
srun: Terminating StepId=22214578.0
srun: error: nid007837: tasks 417-418,421-422: Exited with exit code 255
srun: error: nid005740: tasks 8,10-12: Exited with exit code 255
srun: error: nid006864: tasks 193,195-196,198: Exited with exit code 255
srun: error: nid006855: tasks 120,124-126: Exited with exit code 255
srun: error: nid007738: tasks 336,339,341-342: Exited with exit code 255
srun: error: nid007844: tasks 472,474,476,478: Exited with exit code 255
srun: error: nid007831: tasks 370,372-374: Exited with exit code 255
srun: error: nid006857: tasks 136,138,140-141: Exited with exit code 255
srun: error: nid006862: tasks 177-180: Exited with exit code 255
srun: error: nid006867: tasks 216,219-221: Exited with exit code 255
[2026-09-21T17:21:08.648] error: *** STEP 22214578.0 ON nid005739 CANCELLED AT 2026-09-21T17:21:08 DUE TO TASK FAILURE ***
srun: error: nid006171: tasks 96,98,100-101: Exited with exit code 255
srun: error: nid006865: tasks 200,203,205-206: Exited with exit code 255
srun: error: nid006860: tasks 160-162,166: Exited with exit code 255
srun: error: nid007735: tasks 314-316,318: Exited with exit code 255
srun: error: nid005747: tasks 64-65,69-70: Exited with exit code 255
srun: error: nid007834: tasks 392-394,396: Exited with exit code 255
srun: error: nid007732: tasks 289-292: Exited with exit code 255
srun: error: nid005746: tasks 56,59-60,62: Exited with exit code 255
srun: error: nid005745: tasks 48-49,53-54: Exited with exit code 255
srun: error: nid005748: tasks 72-75: Exited with exit code 255
srun: error: nid007841: tasks 448-449,452-453: Exited with exit code 255
srun: error: nid006861: tasks 169,172-174: Exited with exit code 255
srun: error: nid007835: tasks 401,403-404: Exited with exit code 255
srun: error: nid007737: tasks 329-331,333: Exited with exit code 255
srun: error: nid005739: tasks 0,2,5-6: Exited with exit code 255
srun: error: nid007840: tasks 440-443: Exited with exit code 255
srun: error: nid007843: tasks 464,466-468: Exited with exit code 255
srun: error: nid007733: tasks 297-298,300-301: Exited with exit code 255
srun: error: nid005743: tasks 32,34,36-37: Exited with exit code 255
srun: error: nid007741: tasks 360-361,363-364: Exited with exit code 255
srun: error: nid007730: tasks 272-273,275,278: Exited with exit code 255
srun: error: nid007838: tasks 424,426,429-430: Exited with exit code 255
srun: error: nid007736: tasks 321-323,326: Exited with exit code 255
srun: error: nid005750: tasks 88-89,91-92: Exited with exit code 255
srun: error: nid007740: tasks 353,355-357: Exited with exit code 255
srun: error: nid007727: tasks 248,250-251,253: Exited with exit code 255
srun: error: nid007728: tasks 256-258,261: Exited with exit code 255
srun: error: nid007842: tasks 458-459,461-462: Exited with exit code 255
srun: error: nid006854: tasks 113,115,117-118: Exited with exit code 255
srun: error: nid006853: tasks 104-106,110: Exited with exit code 255
srun: error: nid007833: tasks 384-387: Exited with exit code 255
srun: error: nid007731: tasks 280-283: Exited with exit code 255
srun: error: nid005749: tasks 82-85: Exited with exit code 255
srun: error: nid007836: tasks 408-409,411,414: Exited with exit code 255
srun: error: nid007734: tasks 304-305,309-310: Exited with exit code 255
srun: error: nid006863: tasks 185,187,189-190: Exited with exit code 255
srun: error: nid007839: tasks 432-434,436: Exited with exit code 255
srun: error: nid007739: tasks 345-347,349: Exited with exit code 255
srun: error: nid005741: tasks 16,19,21-22: Exited with exit code 255
srun: error: nid007832: tasks 376,378,380-381: Exited with exit code 255
srun: error: nid006868: tasks 225-226,228-229: Exited with exit code 255
srun: error: nid006866: tasks 209,211-213: Exited with exit code 255
srun: error: nid007725: tasks 232,234-235,237: Exited with exit code 255
srun: error: nid005744: tasks 40-42,44: Exited with exit code 255
srun: error: nid006858: tasks 146-149: Exited with exit code 255
srun: error: nid006859: tasks 152-153,155-156: Exited with exit code 255
srun: error: nid007726: tasks 241,243-245: Exited with exit code 255
srun: error: nid005742: tasks 24,28,30-31: Terminated
srun: error: nid005742: tasks 25-27,29: Exited with exit code 255
srun: error: nid006856: tasks 128,130-132: Exited with exit code 255
srun: error: nid006856: tasks 129,133-135: Terminated
srun: error: nid007842: tasks 456-457,460,463: Terminated
srun: error: nid005747: tasks 66-68,71: Terminated
srun: error: nid005749: tasks 80-81,86-87: Terminated
srun: error: nid006858: tasks 144-145,150-151: Terminated
srun: error: nid007732: tasks 288,293-295: Terminated
srun: error: nid005748: tasks 76-79: Terminated
srun: error: nid005743: tasks 33,35,38-39: Terminated
srun: error: nid007833: tasks 388-391: Terminated
srun: error: nid007737: tasks 328,332,334-335: Terminated
srun: error: nid007734: tasks 306-308,311: Terminated
srun: error: nid007844: tasks 473,475,477,479: Terminated
srun: error: nid006862: tasks 176,181-183: Terminated
srun: error: nid007731: tasks 284-287: Terminated
srun: error: nid005744: tasks 43,45-47: Terminated
srun: error: nid006860: tasks 163-165,167: Terminated
srun: error: nid005750: tasks 90,93-95: Terminated
srun: error: nid006854: tasks 112,114,116,119: Terminated
srun: error: nid005745: tasks 50-52,55: Terminated
srun: error: nid007738: tasks 337-338,340,343: Terminated
srun: error: nid007834: tasks 395,397-399: Terminated
srun: error: nid007728: tasks 259-260,262-263: Terminated
srun: error: nid005740: tasks 9,13-15: Terminated
srun: error: nid005746: tasks 57-58,61,63: Terminated
srun: error: nid005739: tasks 1,3-4,7: Terminated
srun: error: nid006865: tasks 201-202,204,207: Terminated
srun: error: nid007843: tasks 465,469-471: Terminated
srun: error: nid006864: tasks 192,194,197,199: Terminated
srun: error: nid006863: tasks 184,186,188,191: Terminated
srun: error: nid006861: tasks 168,170-171,175: Terminated
srun: error: nid007739: tasks 344,348,350-351: Terminated
srun: error: nid007740: tasks 352,354,358-359: Terminated
srun: error: nid006857: tasks 137,139,142-143: Terminated
srun: error: nid007831: tasks 368-369,371,375: Terminated
srun: error: nid007840: tasks 444-447: Terminated
srun: error: nid007838: tasks 425,427-428,431: Terminated
srun: error: nid006853: tasks 107-109,111: Terminated
srun: error: nid007741: tasks 362,365-367: Terminated
srun: error: nid007727: tasks 249,252,254-255: Terminated
srun: error: nid006859: tasks 154,157-159: Terminated
srun: error: nid006867: tasks 217-218,222-223: Terminated
srun: error: nid007836: tasks 410,412-413,415: Terminated
srun: error: nid006868: tasks 224,227,230-231: Terminated
srun: error: nid007839: tasks 435,437-439: Terminated
srun: error: nid006866: tasks 208,210,214-215: Terminated
srun: error: nid007735: tasks 312-313,317,319: Terminated
srun: error: nid007730: tasks 274,276-277,279: Terminated
srun: error: nid007725: tasks 233,236,238-239: Terminated
srun: error: nid007832: tasks 377,379,382-383: Terminated
srun: error: nid007736: tasks 320,324-325,327: Terminated
srun: error: nid006855: tasks 121-123,127: Terminated
srun: error: nid007837: tasks 416,419-420,423: Terminated
srun: error: nid007841: tasks 450-451,454-455: Terminated
srun: error: nid007726: tasks 240,242,246-247: Terminated
srun: error: nid007835: tasks 400,402,405-407: Terminated
srun: error: nid005741: tasks 17-18,20,23: Terminated
srun: error: nid006171: tasks 97,99,102-103: Terminated
srun: error: nid007729: tasks 265-266,269,271: Terminated
srun: error: nid007733: tasks 296,299,302-303: Terminated
srun: Force Terminated StepId=22214578.0
