libfabric:120675:1790389320::cxi:ep_data:cxip_rdzv_pte_src_cb():4296<warn> nid006576: TXC (0xcd11:7): Get error: 0xc7db00 rc: CONN_CLOSED
libfabric:120675:1790389320::cxi:ep_data:cxip_report_send_completion():675<warn> nid006576: TXC (0xcd11:7): Request dest_addr: 368 caddr.nic: 0XEB72 caddr.pid: 0 error: 0xc7db00 (err: 5, CONN_CLOSED)
MPICH ERROR [Rank 223] [job id 22360083.1] [Sat Sep 26 05:22:00 2026] [nid006576] - Abort(69875855) (rank 223 in comm 0): Fatal error in PMPI_Waitall: Other MPI error, error stack:
PMPI_Waitall(378)..............: MPI_Waitall(count=958, req_array=0x6466ef0, status_array=0x1) failed
MPIR_Waitall(167)..............: 
MPIR_Waitall_impl(51)..........: 
MPID_Progress_wait(201)........: 
MPIDI_Progress_test(97)........: 
MPIDI_OFI_handle_cq_error(1310): OFI poll failed (ofi_events.c:1312:MPIDI_OFI_handle_cq_error:Input/output error - Invalid request descriptor)

aborting job:
Fatal error in PMPI_Waitall: Other MPI error, error stack:
PMPI_Waitall(378)..............: MPI_Waitall(count=958, req_array=0x6466ef0, status_array=0x1) failed
MPIR_Waitall(167)..............: 
MPIR_Waitall_impl(51)..........: 
MPID_Progress_wait(201)........: 
MPIDI_Progress_test(97)........: 
MPIDI_OFI_handle_cq_error(1310): OFI poll failed (ofi_events.c:1312:MPIDI_OFI_handle_cq_error:Input/output error - Invalid request descriptor)
srun: error: nid006576: task 223: Exited with exit code 255
srun: Terminating StepId=22360083.1
[2026-09-26T05:22:01.980] error: *** STEP 22360083.1 ON nid005628 CANCELLED AT 2026-09-26T05:22:01 DUE TO TASK FAILURE ***
[2026-09-26T05:22:02.219] error: Failed to destroy CXI Service ID 5 (cxi0): Device or resource busy
[2026-09-26T05:22:03.219] error: Failed to destroy CXI Service ID 5 (cxi0): Device or resource busy
[2026-09-26T05:22:04.219] error: Failed to destroy CXI Service ID 5 (cxi0): Device or resource busy
[2026-09-26T05:22:05.219] error: Failed to destroy CXI Service ID 5 (cxi0): Device or resource busy
[2026-09-26T05:22:06.219] error: Failed to destroy CXI Service ID 5 (cxi0): Device or resource busy
[2026-09-26T05:22:07.220] error: switch_g_job_postfini: Device or resource busy
srun: Force Terminated StepId=22360083.1
