arm=sys nodes=60 ranks=480 payload=12.431MB rounds=40 bin=bin/alltoall_gpu_ref
nodelist: nid[005887-005890,005952-005953,006036-006037,006173-006174,006193-006194,006202-006203,006312-006313,006375-006376,006381-006382,006389-006390,006482-006483,006639-006640,006656-006657,006789-006790,006964-006966,007015-007017,007020-007022,007124-007125,007131-007132,007152-007153,007231-007232,007247-007248,007586-007587,007631-007632,007641-007642,007711-007715]
start: 2026-09-26T05:16:54+03:00
exchange start: 2026-09-26T05:17:11+03:00
LIBS libfabric=/opt/cray/libfabric/1.22.0/lib64/libfabric.so.1.25.0 fi_version=1.22 libcxi=/usr/lib64/libcxi.so.1.5.0 same_on_all_ranks=yes
MPI_Get_library_version: MPI VERSION    : CRAY MPICH version 8.1.32.110 (ANL base 3.4a2)
MPI BUILD INFO : Thu Feb 06 22:43 2025 (git hash f9c5634)

ranks=480  payload=12.431 MB/peer  device buffers=11.65 GiB/rank  rounds=40  thread_level=3  exchange=p2p
  verify=on (3 x 256 B windows per peer per round)
  visible GCDs per rank=1  using device 0  free=63.9 GiB of 64.0 GiB
  MPICH_GPU_SUPPORT_ENABLED=1
  MPICH_GPU_IPC_ENABLED=0
  FI_CXI_RX_MATCH_MODE=software
  FI_CXI_RDZV_THRESHOLD=16384
  FI_CXI_DEFAULT_CQ_SIZE=131072
  FI_CXI_DEFAULT_TX_SIZE=1024
  FI_CXI_REQ_BUF_MIN_POSTED=6
  FI_CXI_REQ_BUF_SIZE=12582912
  FI_CXI_OFLOW_BUF_COUNT=3
round     1  elapsed     2.1 s
round    10  elapsed    19.8 s
round    20  elapsed    40.0 s
round    30  elapsed    59.9 s
round    40  elapsed    79.8 s
VERIFY OK  0 bad bytes, 14714880 bytes checked on rank 0
PROBE OK  40 rounds in 79.8 s
RESULT arm=sys: OK
exchange end: 2026-09-26T05:18:34+03:00
end: 2026-09-26T05:18:59+03:00
