arm=sys nodes=60 ranks=480 payload=12.431MB rounds=40 bin=bin/alltoall_gpu_ref
nodelist: nid[005345-005346,005357-005358,005500-005501,005532,005568-005569,005613-005614,005620,005681,005700,005715,005769,005827-005828,005861-005862,005876,005878,005880,005892,005927,005939,005982,005990,006052,006075,006243,006300,006354,006378-006379,006479-006480,006654,006717,006828,006881,006921,006942,006948,006970,007112,007128,007133-007134,007143,007149,007157,007172,007194,007196,007225,007633-007634,007641-007642]
start: 2026-09-26T05:01:24+03:00
exchange start: 2026-09-26T05:01:41+03:00
LIBS libfabric=/opt/cray/libfabric/1.22.0/lib64/libfabric.so.1.25.0 fi_version=1.22 libcxi=/usr/lib64/libcxi.so.1.5.0 same_on_all_ranks=yes
MPI_Get_library_version: MPI VERSION    : CRAY MPICH version 8.1.32.110 (ANL base 3.4a2)
MPI BUILD INFO : Thu Feb 06 22:43 2025 (git hash f9c5634)

ranks=480  payload=12.431 MB/peer  device buffers=11.65 GiB/rank  rounds=40  thread_level=3  exchange=p2p
  verify=on (3 x 256 B windows per peer per round)
  visible GCDs per rank=1  using device 0  free=63.9 GiB of 64.0 GiB
  MPICH_GPU_SUPPORT_ENABLED=1
  MPICH_GPU_IPC_ENABLED=0
  FI_CXI_RX_MATCH_MODE=software
  FI_CXI_RDZV_THRESHOLD=16384
  FI_CXI_DEFAULT_CQ_SIZE=131072
  FI_CXI_DEFAULT_TX_SIZE=1024
  FI_CXI_REQ_BUF_MIN_POSTED=6
  FI_CXI_REQ_BUF_SIZE=12582912
  FI_CXI_OFLOW_BUF_COUNT=3
round     1  elapsed     2.1 s
round    10  elapsed    19.7 s
round    20  elapsed    39.4 s
RESULT arm=sys: FAILED rc=124
exchange end: 2026-09-26T05:07:12+03:00
end: 2026-09-26T05:07:34+03:00
