arm=sys nodes=60 ranks=480 payload=12.431MB rounds=40 bin=bin/alltoall_gpu_ref
nodelist: nid[005173,005177-005178,005197-005198,005324-005325,005345-005346,005500-005501,005510-005511,005528-005529,005559-005560,005568-005569,005613-005614,005699-005700,005714-005715,005827-005828,005861-005862,006049-006050,006337-006338,006378-006379,006434-006435,006451-006452,006475-006476,006479-006480,006521-006522,006769-006770,007133-007134,007233-007235,007465-007467,007605-007607,007609-007610]
start: 2026-09-26T05:28:26+03:00
exchange start: 2026-09-26T05:28:43+03:00
LIBS libfabric=/opt/cray/libfabric/1.22.0/lib64/libfabric.so.1.25.0 fi_version=1.22 libcxi=/usr/lib64/libcxi.so.1.5.0 same_on_all_ranks=yes
MPI_Get_library_version: MPI VERSION    : CRAY MPICH version 8.1.32.110 (ANL base 3.4a2)
MPI BUILD INFO : Thu Feb 06 22:43 2025 (git hash f9c5634)

ranks=480  payload=12.431 MB/peer  device buffers=11.65 GiB/rank  rounds=40  thread_level=3  exchange=p2p
  verify=on (3 x 256 B windows per peer per round)
  visible GCDs per rank=1  using device 0  free=63.9 GiB of 64.0 GiB
  MPICH_GPU_SUPPORT_ENABLED=1
  MPICH_GPU_IPC_ENABLED=0
  FI_CXI_RX_MATCH_MODE=software
  FI_CXI_RDZV_THRESHOLD=16384
  FI_CXI_DEFAULT_CQ_SIZE=131072
  FI_CXI_DEFAULT_TX_SIZE=1024
  FI_CXI_REQ_BUF_MIN_POSTED=6
  FI_CXI_REQ_BUF_SIZE=12582912
  FI_CXI_OFLOW_BUF_COUNT=3
round     1  elapsed     2.1 s
round    10  elapsed    19.7 s
round    20  elapsed    39.7 s
round    30  elapsed    59.4 s
round    40  elapsed    79.4 s
VERIFY OK  0 bad bytes, 14714880 bytes checked on rank 0
PROBE OK  40 rounds in 79.4 s
RESULT arm=sys: OK
exchange end: 2026-09-26T05:30:06+03:00
end: 2026-09-26T05:30:27+03:00
