arm=sys nodes=60 ranks=480 payload=12.431MB rounds=40 bin=bin/alltoall_gpu_ref
nodelist: nid[005166,005203,005266,005273,005330,005352,005359,005465,005529,005599,005653,005656,005674,005699,005704,005714,005952-005953,006036-006037,006173-006174,006193-006194,006202-006203,006312-006313,006375-006376,006381-006382,006389-006390,006482-006483,006639-006640,006656-006657,007015-007016,007044-007045,007124-007125,007131-007132,007152-007153,007231-007232,007247-007248,007586-007587,007631-007632,007747-007748]
start: 2026-09-26T05:09:25+03:00
exchange start: 2026-09-26T05:09:41+03:00
LIBS libfabric=/opt/cray/libfabric/1.22.0/lib64/libfabric.so.1.25.0 fi_version=1.22 libcxi=/usr/lib64/libcxi.so.1.5.0 same_on_all_ranks=yes
MPI_Get_library_version: MPI VERSION    : CRAY MPICH version 8.1.32.110 (ANL base 3.4a2)
MPI BUILD INFO : Thu Feb 06 22:43 2025 (git hash f9c5634)

ranks=480  payload=12.431 MB/peer  device buffers=11.65 GiB/rank  rounds=40  thread_level=3  exchange=p2p
  verify=on (3 x 256 B windows per peer per round)
  visible GCDs per rank=1  using device 0  free=63.9 GiB of 64.0 GiB
  MPICH_GPU_SUPPORT_ENABLED=1
  MPICH_GPU_IPC_ENABLED=0
  FI_CXI_RX_MATCH_MODE=software
  FI_CXI_RDZV_THRESHOLD=16384
  FI_CXI_DEFAULT_CQ_SIZE=131072
  FI_CXI_DEFAULT_TX_SIZE=1024
  FI_CXI_REQ_BUF_MIN_POSTED=6
  FI_CXI_REQ_BUF_SIZE=12582912
  FI_CXI_OFLOW_BUF_COUNT=3
round     1  elapsed     2.1 s
round    10  elapsed    19.8 s
round    20  elapsed    39.1 s
round    30  elapsed    58.4 s
RESULT arm=sys: FAILED rc=143
exchange end: 2026-09-26T05:11:47+03:00
end: 2026-09-26T05:12:08+03:00
