libfabric:84325:1790391236::cxi:ep_data:cxip_rdzv_pte_src_cb():4472<warn> nid006243: TXC (0xb8e2:0): Get error: 0x65fc230 rc: CONN_CLOSED
libfabric:84325:1790391236::cxi:ep_data:cxip_report_send_completion():711<warn> nid006243: TXC (0xb8e2:0): Request dest_addr: 431 caddr.nic: 0XEF22 caddr.pid: 7 error: 0x65fc230 (err: 5, CONN_CLOSED)
MPICH ERROR [Rank 144] [job id 22358861.1] [Sat Sep 26 05:53:56 2026] [nid006243] - Abort(875182223) (rank 144 in comm 0): Fatal error in PMPI_Waitall: Other MPI error, error stack:
PMPI_Waitall(378)..............: MPI_Waitall(count=958, req_array=0x6626e40, status_array=0x1) failed
MPIR_Waitall(167)..............: 
MPIR_Waitall_impl(51)..........: 
MPID_Progress_wait(201)........: 
MPIDI_Progress_test(97)........: 
MPIDI_OFI_handle_cq_error(1310): OFI poll failed (ofi_events.c:1312:MPIDI_OFI_handle_cq_error:Input/output error - CONN_CLOSED)

aborting job:
Fatal error in PMPI_Waitall: Other MPI error, error stack:
PMPI_Waitall(378)..............: MPI_Waitall(count=958, req_array=0x6626e40, status_array=0x1) failed
MPIR_Waitall(167)..............: 
MPIR_Waitall_impl(51)..........: 
MPID_Progress_wait(201)........: 
MPIDI_Progress_test(97)........: 
MPIDI_OFI_handle_cq_error(1310): OFI poll failed (ofi_events.c:1312:MPIDI_OFI_handle_cq_error:Input/output error - CONN_CLOSED)
srun: error: nid006243: task 144: Exited with exit code 255
srun: Terminating StepId=22358861.1
[2026-09-26T05:53:57.398] error: *** STEP 22358861.1 ON nid005133 CANCELLED AT 2026-09-26T05:53:57 DUE TO TASK FAILURE ***
srun: forcing job termination
srun: got SIGCONT
srun: Job step aborted: Waiting up to 32 seconds for job step to finish.
/var/spool/slurmd/job22358861/slurm_script: line 67: 123129 Killed                  timeout -k 30 -s TERM "${EXCH_TIMEOUT:-330}" srun --gpus-per-task=1 --gpu-bind=closest --cpu-bind=cores "$BIN" --mb "$MB" --rounds "${ROUNDS:-40}" --verify
srun: Job step aborted: Waiting up to 32 seconds for job step to finish.
[2026-09-26T06:00:51.024] error: *** JOB 22358861 ON nid005133 CANCELLED AT 2026-09-26T06:00:51 DUE TO TIME LIMIT ***
srun: error: nid007096: task 53: Exited with exit code 4
[2026-09-26T06:00:51.033] error: execve(): jobs/nic_counters.sh: Interrupted system call
srun: Terminating StepId=22358861.2
