arm=main nodes=60 ranks=480 payload=12.431MB rounds=40 bin=bin/alltoall_gpu_ref
nodelist: nid[005133,005299-005300,005863-005868,005929,005939,005964,005982,005990,005996,006052,006075,006196,006243,006300,006306,006312-006313,006375-006376,006378-006379,006381-006382,006510,006574,006576,006578,006596,006634,006643,006654,006692,006717,006801,006828,006871,006881,006894,006921,006927,007043-007044,007046-007047,007071-007072,007095-007096,007586-007587,007631-007632,007641-007642]
start: 2026-09-26T05:52:42+03:00
exchange start: 2026-09-26T05:53:00+03:00
LIBS libfabric=/pfs/lustrep4/scratch/project_462001519/juaho/cray-cxi-bug/lf/main/lib/libfabric.so.1.33.0 fi_version=2.7 libcxi=/usr/lib64/libcxi.so.1.5.0 same_on_all_ranks=yes
MPI_Get_library_version: MPI VERSION    : CRAY MPICH version 8.1.32.110 (ANL base 3.4a2)
MPI BUILD INFO : Thu Feb 06 22:43 2025 (git hash f9c5634)

ranks=480  payload=12.431 MB/peer  device buffers=11.65 GiB/rank  rounds=40  thread_level=3  exchange=p2p
  verify=on (3 x 256 B windows per peer per round)
  visible GCDs per rank=1  using device 0  free=63.9 GiB of 64.0 GiB
  MPICH_GPU_SUPPORT_ENABLED=1
  MPICH_GPU_IPC_ENABLED=0
  FI_CXI_RX_MATCH_MODE=software
  FI_CXI_RDZV_THRESHOLD=16384
  FI_CXI_DEFAULT_CQ_SIZE=131072
  FI_CXI_DEFAULT_TX_SIZE=1024
  FI_CXI_REQ_BUF_MIN_POSTED=6
  FI_CXI_REQ_BUF_SIZE=12582912
  FI_CXI_OFLOW_BUF_COUNT=3
round     1  elapsed     2.4 s
RESULT arm=main: FAILED rc=137
exchange end: 2026-09-26T05:59:00+03:00
