arm=sys nodes=60 ranks=480 payload=12.431MB rounds=40 bin=bin/alltoall_gpu_ref
nodelist: nid[005143,005194,005197-005198,005300,005325,005357,005360,005403,005500,005520,005528-005529,005569,005597,005613,005828,005892,005929,005990,006050,006052,006087,006089,006173,006193,006196,006338,006381,006403,006434,006596,006634,006640,006643,006654,006656,006658,006692,006717,006801,006828,006871,006881,006894,006921,006927,006935,007043-007044,007046-007047,007071-007072,007254-007255,007631-007632,007641-007642]
start: 2026-09-26T06:09:38+03:00
exchange start: 2026-09-26T06:09:54+03:00
LIBS libfabric=/opt/cray/libfabric/1.22.0/lib64/libfabric.so.1.25.0 fi_version=1.22 libcxi=/usr/lib64/libcxi.so.1.5.0 same_on_all_ranks=yes
MPI_Get_library_version: MPI VERSION    : CRAY MPICH version 8.1.32.110 (ANL base 3.4a2)
MPI BUILD INFO : Thu Feb 06 22:43 2025 (git hash f9c5634)

ranks=480  payload=12.431 MB/peer  device buffers=11.65 GiB/rank  rounds=40  thread_level=3  exchange=p2p
  verify=on (3 x 256 B windows per peer per round)
  visible GCDs per rank=1  using device 0  free=63.9 GiB of 64.0 GiB
  MPICH_GPU_SUPPORT_ENABLED=1
  MPICH_GPU_IPC_ENABLED=0
  FI_CXI_RX_MATCH_MODE=software
  FI_CXI_RDZV_THRESHOLD=16384
  FI_CXI_DEFAULT_CQ_SIZE=131072
  FI_CXI_DEFAULT_TX_SIZE=1024
  FI_CXI_REQ_BUF_MIN_POSTED=6
  FI_CXI_REQ_BUF_SIZE=12582912
  FI_CXI_OFLOW_BUF_COUNT=3
round     1  elapsed     2.2 s
round    10  elapsed    20.2 s
RESULT arm=sys: FAILED rc=137
exchange end: 2026-09-26T06:15:54+03:00
