arm=shs12-diag nodes=60 ranks=480 payload=12.431MB rounds=40 bin=bin/alltoall_gpu_ref
nodelist: nid[005127,005133,005194,005221,005232,005242,005269,005272,005305,005413,005568-005569,005613-005614,005699-005700,005714-005715,005827-005828,005892-005893,005926-005927,006049-006050,006173-006174,006193-006194,006202-006203,006312-006313,006337-006338,006375-006376,006378-006379,006381-006382,006389-006390,006434-006435,006893-006894,007203-007204,007254-007255,007585-007586,007631-007632,007641-007642,007742-007743]
start: 2026-09-26T06:27:05+03:00
exchange start: 2026-09-26T06:27:23+03:00
LIBS libfabric=/pfs/lustrep4/scratch/project_462001519/juaho/cray-cxi-bug/lf/shs12-diag/lib/libfabric.so.1.25.0 fi_version=1.22 libcxi=/usr/lib64/libcxi.so.1.5.0 same_on_all_ranks=yes
MPI_Get_library_version: MPI VERSION    : CRAY MPICH version 8.1.32.110 (ANL base 3.4a2)
MPI BUILD INFO : Thu Feb 06 22:43 2025 (git hash f9c5634)

ranks=480  payload=12.431 MB/peer  device buffers=11.65 GiB/rank  rounds=40  thread_level=3  exchange=p2p
  verify=on (3 x 256 B windows per peer per round)
  visible GCDs per rank=1  using device 0  free=63.9 GiB of 64.0 GiB
  MPICH_GPU_SUPPORT_ENABLED=1
  MPICH_GPU_IPC_ENABLED=0
  FI_CXI_RX_MATCH_MODE=software
  FI_CXI_RDZV_THRESHOLD=16384
  FI_CXI_DEFAULT_CQ_SIZE=131072
  FI_CXI_DEFAULT_TX_SIZE=1024
  FI_CXI_REQ_BUF_MIN_POSTED=6
  FI_CXI_REQ_BUF_SIZE=12582912
  FI_CXI_OFLOW_BUF_COUNT=3
round     1  elapsed     2.2 s
round    10  elapsed    19.7 s
round    20  elapsed    39.2 s
round    30  elapsed    58.6 s
round    40  elapsed    77.9 s
VERIFY OK  0 bad bytes, 14714880 bytes checked on rank 0
PROBE OK  40 rounds in 77.9 s
RESULT arm=shs12-diag: OK
exchange end: 2026-09-26T06:28:48+03:00
end: 2026-09-26T06:29:09+03:00
