arm=shs12-diag nodes=60 ranks=480 payload=12.431MB rounds=40 bin=bin/alltoall_gpu_ref
nodelist: nid[005143-005144,005254-005263,005574-005581,005861-005868,006463-006470,006738-006746,007646-007660]
start: 2026-09-26T06:27:05+03:00
exchange start: 2026-09-26T06:27:23+03:00
LIBS libfabric=/pfs/lustrep4/scratch/project_462001519/juaho/cray-cxi-bug/lf/shs12-diag/lib/libfabric.so.1.25.0 fi_version=1.22 libcxi=/usr/lib64/libcxi.so.1.5.0 same_on_all_ranks=yes
MPI_Get_library_version: MPI VERSION    : CRAY MPICH version 8.1.32.110 (ANL base 3.4a2)
MPI BUILD INFO : Thu Feb 06 22:43 2025 (git hash f9c5634)

ranks=480  payload=12.431 MB/peer  device buffers=11.65 GiB/rank  rounds=40  thread_level=3  exchange=p2p
  verify=on (3 x 256 B windows per peer per round)
  visible GCDs per rank=1  using device 0  free=63.9 GiB of 64.0 GiB
  MPICH_GPU_SUPPORT_ENABLED=1
  MPICH_GPU_IPC_ENABLED=0
  FI_CXI_RX_MATCH_MODE=software
  FI_CXI_RDZV_THRESHOLD=16384
  FI_CXI_DEFAULT_CQ_SIZE=131072
  FI_CXI_DEFAULT_TX_SIZE=1024
  FI_CXI_REQ_BUF_MIN_POSTED=6
  FI_CXI_REQ_BUF_SIZE=12582912
  FI_CXI_OFLOW_BUF_COUNT=3
round     1  elapsed     2.1 s
round    10  elapsed    19.6 s
round    20  elapsed    39.5 s
round    30  elapsed    58.8 s
round    40  elapsed    78.8 s
VERIFY OK  0 bad bytes, 14714880 bytes checked on rank 0
PROBE OK  40 rounds in 78.8 s
RESULT arm=shs12-diag: OK
exchange end: 2026-09-26T06:28:47+03:00
end: 2026-09-26T06:29:10+03:00
