libfabric:55009:1790385842::cxi:ep_data:cxip_rdzv_pte_src_cb():4296<warn> nid005929: TXC (0xa3d3:0): Get error: 0xc85250 rc: CONN_CLOSED
libfabric:55009:1790385842::cxi:ep_data:cxip_report_send_completion():675<warn> nid005929: TXC (0xa3d3:0): Request dest_addr: 413 caddr.nic: 0XE880 caddr.pid: 5 error: 0xc85250 (err: 5, CONN_CLOSED)
MPICH ERROR [Rank 184] [job id 22358620.1] [Sat Sep 26 04:24:02 2026] [nid005929] - Abort(539637903) (rank 184 in comm 0): Fatal error in PMPI_Waitall: Other MPI error, error stack:
PMPI_Waitall(378)..............: MPI_Waitall(count=958, req_array=0x5c76300, status_array=0x1) failed
MPIR_Waitall(167)..............: 
MPIR_Waitall_impl(51)..........: 
MPID_Progress_wait(201)........: 
MPIDI_Progress_test(97)........: 
MPIDI_OFI_handle_cq_error(1310): OFI poll failed (ofi_events.c:1312:MPIDI_OFI_handle_cq_error:Input/output error - Invalid request descriptor)

aborting job:
Fatal error in PMPI_Waitall: Other MPI error, error stack:
PMPI_Waitall(378)..............: MPI_Waitall(count=958, req_array=0x5c76300, status_array=0x1) failed
MPIR_Waitall(167)..............: 
MPIR_Waitall_impl(51)..........: 
MPID_Progress_wait(201)........: 
MPIDI_Progress_test(97)........: 
MPIDI_OFI_handle_cq_error(1310): OFI poll failed (ofi_events.c:1312:MPIDI_OFI_handle_cq_error:Input/output error - Invalid request descriptor)
srun: error: nid005929: task 184: Exited with exit code 255
srun: Terminating StepId=22358620.1
[2026-09-26T04:24:04.218] error: *** STEP 22358620.1 ON nid005164 CANCELLED AT 2026-09-26T04:24:04 DUE TO TASK FAILURE ***
[2026-09-26T04:24:04.425] error: Failed to destroy CXI Service ID 5 (cxi2): Device or resource busy
[2026-09-26T04:24:05.425] error: Failed to destroy CXI Service ID 5 (cxi2): Device or resource busy
[2026-09-26T04:24:06.425] error: Failed to destroy CXI Service ID 5 (cxi2): Device or resource busy
[2026-09-26T04:24:07.425] error: Failed to destroy CXI Service ID 5 (cxi2): Device or resource busy
[2026-09-26T04:24:08.425] error: Failed to destroy CXI Service ID 5 (cxi2): Device or resource busy
[2026-09-26T04:24:09.426] error: switch_g_job_postfini: Device or resource busy
srun: Force Terminated StepId=22358620.1
[2026-09-26T04:30:49.027] error: *** JOB 22358620 ON nid005164 CANCELLED AT 2026-09-26T04:30:49 DUE TO TIME LIMIT ***
