arm=shs12-ref nodes=60 ranks=480 payload=12.431MB rounds=40 bin=bin/alltoall_gpu_ref
nodelist: nid[005203,005273,005330,005352,005359,005465,005599,005653,005656,005674,005699,005704,005714,005861,005892,005923,005927,006060,006064,006160,006243,006265,006375-006376,006381-006382,006389-006390,006482-006483,006504,006639-006640,006656-006657,006717,006828,006881,006921,006942,006948,006970,006986,007011,007046-007047,007085-007086,007124-007125,007152-007153,007231-007232,007247-007248,007609-007610,007631-007632]
start: 2026-09-26T04:31:54+03:00
exchange start: 2026-09-26T04:35:59+03:00
LIBS libfabric=/pfs/lustrep4/scratch/project_462001519/juaho/cray-cxi-bug/lf/shs12-ref/lib/libfabric.so.1.25.0 fi_version=1.22 libcxi=/usr/lib64/libcxi.so.1.5.0 same_on_all_ranks=yes
MPI_Get_library_version: MPI VERSION    : CRAY MPICH version 8.1.32.110 (ANL base 3.4a2)
MPI BUILD INFO : Thu Feb 06 22:43 2025 (git hash f9c5634)

ranks=480  payload=12.431 MB/peer  device buffers=11.65 GiB/rank  rounds=40  thread_level=3  exchange=p2p
  verify=on (3 x 256 B windows per peer per round)
  visible GCDs per rank=1  using device 0  free=63.9 GiB of 64.0 GiB
  MPICH_GPU_SUPPORT_ENABLED=1
  MPICH_GPU_IPC_ENABLED=0
  FI_CXI_RX_MATCH_MODE=software
  FI_CXI_RDZV_THRESHOLD=16384
  FI_CXI_DEFAULT_CQ_SIZE=131072
  FI_CXI_DEFAULT_TX_SIZE=1024
  FI_CXI_REQ_BUF_MIN_POSTED=6
  FI_CXI_REQ_BUF_SIZE=12582912
  FI_CXI_OFLOW_BUF_COUNT=3
round     1  elapsed     2.1 s
